Archive member included to satisfy reference by file (symbol)

c:/nxp/mcuxpressoide_11.6.1_8255/ide/plugins/com.nxp.mcuxpresso.tools.win32_11.6.1.202207200623/tools/bin/../lib/gcc/arm-none-eabi/10.3.1/../../../../arm-none-eabi/lib/thumb/v8-m.main+fp/hard\libcr_nohost_nf.a(_cr__main.o)
                              ./startup/startup_lpc5528.o (__main)
c:/nxp/mcuxpressoide_11.6.1_8255/ide/plugins/com.nxp.mcuxpresso.tools.win32_11.6.1.202207200623/tools/bin/../lib/gcc/arm-none-eabi/10.3.1/../../../../arm-none-eabi/lib/thumb/v8-m.main+fp/hard\libcr_c.a(memcpy.o)
                              ./utilities/fsl_str.o (memcpy)
c:/nxp/mcuxpressoide_11.6.1_8255/ide/plugins/com.nxp.mcuxpresso.tools.win32_11.6.1.202207200623/tools/bin/../lib/gcc/arm-none-eabi/10.3.1/../../../../arm-none-eabi/lib/thumb/v8-m.main+fp/hard\libcr_c.a(memset.o)
                              ./freertos/freertos-kernel/portable/MemMang/heap_4.o (memset)
c:/nxp/mcuxpressoide_11.6.1_8255/ide/plugins/com.nxp.mcuxpresso.tools.win32_11.6.1.202207200623/tools/bin/../lib/gcc/arm-none-eabi/10.3.1/../../../../arm-none-eabi/lib/thumb/v8-m.main+fp/hard\libcr_c.a(alloc.o)
                              ./drivers/fsl_common.o (malloc)
c:/nxp/mcuxpressoide_11.6.1_8255/ide/plugins/com.nxp.mcuxpresso.tools.win32_11.6.1.202207200623/tools/bin/../lib/gcc/arm-none-eabi/10.3.1/../../../../arm-none-eabi/lib/thumb/v8-m.main+fp/hard\libcr_c.a(errno.o)
                              ./utilities/fsl_str.o (errno)
c:/nxp/mcuxpressoide_11.6.1_8255/ide/plugins/com.nxp.mcuxpresso.tools.win32_11.6.1.202207200623/tools/bin/../lib/gcc/arm-none-eabi/10.3.1/../../../../arm-none-eabi/lib/thumb/v8-m.main+fp/hard\libcr_c.a(initio.o)
                              c:/nxp/mcuxpressoide_11.6.1_8255/ide/plugins/com.nxp.mcuxpresso.tools.win32_11.6.1.202207200623/tools/bin/../lib/gcc/arm-none-eabi/10.3.1/../../../../arm-none-eabi/lib/thumb/v8-m.main+fp/hard\libcr_nohost_nf.a(_cr__main.o) (_initio)
c:/nxp/mcuxpressoide_11.6.1_8255/ide/plugins/com.nxp.mcuxpresso.tools.win32_11.6.1.202207200623/tools/bin/../lib/gcc/arm-none-eabi/10.3.1/../../../../arm-none-eabi/lib/thumb/v8-m.main+fp/hard\libcr_c.a(printf.o)
                              ./utilities/fsl_assert.o (_printf)
c:/nxp/mcuxpressoide_11.6.1_8255/ide/plugins/com.nxp.mcuxpresso.tools.win32_11.6.1.202207200623/tools/bin/../lib/gcc/arm-none-eabi/10.3.1/../../../../arm-none-eabi/lib/thumb/v8-m.main+fp/hard\libcr_c.a(scanf.o)
                              ./utilities/fsl_str.o (strtoul)
c:/nxp/mcuxpressoide_11.6.1_8255/ide/plugins/com.nxp.mcuxpresso.tools.win32_11.6.1.202207200623/tools/bin/../lib/gcc/arm-none-eabi/10.3.1/../../../../arm-none-eabi/lib/thumb/v8-m.main+fp/hard\libcr_c.a(setvbuf.o)
                              c:/nxp/mcuxpressoide_11.6.1_8255/ide/plugins/com.nxp.mcuxpresso.tools.win32_11.6.1.202207200623/tools/bin/../lib/gcc/arm-none-eabi/10.3.1/../../../../arm-none-eabi/lib/thumb/v8-m.main+fp/hard\libcr_c.a(initio.o) (setvbuf)
c:/nxp/mcuxpressoide_11.6.1_8255/ide/plugins/com.nxp.mcuxpresso.tools.win32_11.6.1.202207200623/tools/bin/../lib/gcc/arm-none-eabi/10.3.1/../../../../arm-none-eabi/lib/thumb/v8-m.main+fp/hard\libcr_c.a(strlen.o)
                              ./utilities/fsl_str.o (strlen)
c:/nxp/mcuxpressoide_11.6.1_8255/ide/plugins/com.nxp.mcuxpresso.tools.win32_11.6.1.202207200623/tools/bin/../lib/gcc/arm-none-eabi/10.3.1/../../../../arm-none-eabi/lib/thumb/v8-m.main+fp/hard\libcr_c.a(ungetc.o)
                              c:/nxp/mcuxpressoide_11.6.1_8255/ide/plugins/com.nxp.mcuxpresso.tools.win32_11.6.1.202207200623/tools/bin/../lib/gcc/arm-none-eabi/10.3.1/../../../../arm-none-eabi/lib/thumb/v8-m.main+fp/hard\libcr_c.a(scanf.o) (ungetc)
c:/nxp/mcuxpressoide_11.6.1_8255/ide/plugins/com.nxp.mcuxpresso.tools.win32_11.6.1.202207200623/tools/bin/../lib/gcc/arm-none-eabi/10.3.1/../../../../arm-none-eabi/lib/thumb/v8-m.main+fp/hard\libcr_c.a(__fillbuf.o)
                              c:/nxp/mcuxpressoide_11.6.1_8255/ide/plugins/com.nxp.mcuxpresso.tools.win32_11.6.1.202207200623/tools/bin/../lib/gcc/arm-none-eabi/10.3.1/../../../../arm-none-eabi/lib/thumb/v8-m.main+fp/hard\libcr_c.a(scanf.o) (__filbuf)
c:/nxp/mcuxpressoide_11.6.1_8255/ide/plugins/com.nxp.mcuxpresso.tools.win32_11.6.1.202207200623/tools/bin/../lib/gcc/arm-none-eabi/10.3.1/../../../../arm-none-eabi/lib/thumb/v8-m.main+fp/hard\libcr_c.a(__init_alloc.o)
                              c:/nxp/mcuxpressoide_11.6.1_8255/ide/plugins/com.nxp.mcuxpresso.tools.win32_11.6.1.202207200623/tools/bin/../lib/gcc/arm-none-eabi/10.3.1/../../../../arm-none-eabi/lib/thumb/v8-m.main+fp/hard\libcr_c.a(alloc.o) (__heaps)
c:/nxp/mcuxpressoide_11.6.1_8255/ide/plugins/com.nxp.mcuxpresso.tools.win32_11.6.1.202207200623/tools/bin/../lib/gcc/arm-none-eabi/10.3.1/../../../../arm-none-eabi/lib/thumb/v8-m.main+fp/hard\libcr_c.a(_cr_sbrk.o)
[...]
Memory Configuration

Name             Origin             Length             Attributes
PROGRAM_FLASH    0x00000000         0x00080000         xr
SRAM             0x20000000         0x00030000         xrw
SRAMX            0x04000000         0x00008000         xrw
USB_RAM          0x40100000         0x00004000         xrw
SRAM4            0x20040000         0x00004000         xrw
*default*        0x00000000         0xffffffff

Linker script and memory map

LOAD ./utilities/fsl_assert.o
LOAD ./utilities/fsl_debug_console.o
LOAD ./utilities/fsl_str.o
LOAD ./startup/startup_lpc5528.o
LOAD ./source/ES-1023.o
LOAD ./source/semihost_hardfault.o
LOAD ./freertos/freertos-kernel/portable/MemMang/heap_4.o
LOAD ./freertos/freertos-kernel/portable/GCC/ARM_CM33_NTZ/non_secure/port.o
LOAD ./freertos/freertos-kernel/portable/GCC/ARM_CM33_NTZ/non_secure/portasm.o
LOAD ./freertos/freertos-kernel/croutine.o
LOAD ./freertos/freertos-kernel/event_groups.o
LOAD ./freertos/freertos-kernel/list.o
LOAD ./freertos/freertos-kernel/queue.o
LOAD ./freertos/freertos-kernel/stream_buffer.o
LOAD ./freertos/freertos-kernel/tasks.o
LOAD ./freertos/freertos-kernel/timers.o
LOAD ./drivers/fsl_clock.o
LOAD ./drivers/fsl_common.o
LOAD ./drivers/fsl_common_arm.o
LOAD ./drivers/fsl_flexcomm.o
LOAD ./drivers/fsl_gpio.o
LOAD ./drivers/fsl_i2c.o
LOAD ./drivers/fsl_power.o
LOAD ./drivers/fsl_reset.o
LOAD ./drivers/fsl_spi.o
LOAD ./drivers/fsl_usart.o
LOAD ./device/system_LPC5528.o
LOAD ./component/uart/fsl_adapter_usart.o
LOAD ./component/serial_manager/fsl_component_serial_manager.o
LOAD ./component/serial_manager/fsl_component_serial_port_uart.o
LOAD ./component/lists/fsl_component_generic_list.o
LOAD ./board/board.o
LOAD ./board/clock_config.o
LOAD ./board/peripherals.o
LOAD ./board/pin_mux.o
START GROUP
LOAD c:/nxp/mcuxpressoide_11.6.1_8255/ide/plugins/com.nxp.mcuxpresso.tools.win32_11.6.1.202207200623/tools/bin/../lib/gcc/arm-none-eabi/10.3.1/../../../../arm-none-eabi/lib/thumb/v8-m.main+fp/hard\libcr_nohost_nf.a
LOAD c:/nxp/mcuxpressoide_11.6.1_8255/ide/plugins/com.nxp.mcuxpresso.tools.win32_11.6.1.202207200623/tools/bin/../lib/gcc/arm-none-eabi/10.3.1/../../../../arm-none-eabi/lib/thumb/v8-m.main+fp/hard\libcr_c.a
LOAD c:/nxp/mcuxpressoide_11.6.1_8255/ide/plugins/com.nxp.mcuxpresso.tools.win32_11.6.1.202207200623/tools/bin/../lib/gcc/arm-none-eabi/10.3.1/thumb/v8-m.main+fp/hard\libcr_eabihelpers.a
LOAD c:/nxp/mcuxpressoide_11.6.1_8255/ide/plugins/com.nxp.mcuxpresso.tools.win32_11.6.1.202207200623/tools/bin/../lib/gcc/arm-none-eabi/10.3.1/thumb/v8-m.main+fp/hard\libgcc.a
END GROUP
                0x00000000                __base_PROGRAM_FLASH = 0x0
                0x00000000                __base_Flash = 0x0
                0x00080000                __top_PROGRAM_FLASH = 0x80000
                0x00080000                __top_Flash = 0x80000
                0x20000000                __base_SRAM = 0x20000000
                0x20000000                __base_RAM = 0x20000000
                0x20030000                __top_SRAM = 0x20030000
                0x20030000                __top_RAM = 0x20030000
                0x04000000                __base_SRAMX = 0x4000000
                0x04000000                __base_RAM2 = 0x4000000
                0x04008000                __top_SRAMX = 0x4008000
                0x04008000                __top_RAM2 = 0x4008000
                0x40100000                __base_USB_RAM = 0x40100000
                0x40100000                __base_RAM3 = 0x40100000
                0x40104000                __top_USB_RAM = 0x40104000
                0x40104000                __top_RAM3 = 0x40104000
                0x20040000                __base_SRAM4 = 0x20040000
                0x20040000                __base_RAM4 = 0x20040000
                0x20044000                __top_SRAM4 = 0x20044000
                0x20044000                __top_RAM4 = 0x20044000

.text           0x00000000     0x4cd0
 FILL mask 0xff
                0x00000000                __vectors_start__ = ABSOLUTE (.)
 *(SORT_BY_ALIGNMENT(.isr_vector))
 .isr_vector    0x00000000      0x130 ./startup/startup_lpc5528.o
                0x00000000                g_pfnVectors
                0x00000000                __Vectors
                0x00000130                . = ALIGN (0x4)
                0x00000130                __section_table_start = .
                0x00000130                __data_section_table = .
                0x00000130        0x4 LONG 0x4cd0 LOADADDR (.data)
                0x00000134        0x4 LONG 0x20000000 ADDR (.data)
                0x00000138        0x4 LONG 0xc SIZEOF (.data)
                0x0000013c        0x4 LONG 0x4cd0 LOADADDR (.data_RAM2)
                0x00000140        0x4 LONG 0x4000000 ADDR (.data_RAM2)
                0x00000144        0x4 LONG 0x0 SIZEOF (.data_RAM2)
                0x00000148        0x4 LONG 0x4cd0 LOADADDR (.data_RAM3)
                0x0000014c        0x4 LONG 0x40100000 ADDR (.data_RAM3)
                0x00000150        0x4 LONG 0x0 SIZEOF (.data_RAM3)
                0x00000154        0x4 LONG 0x4cd0 LOADADDR (.data_RAM4)
                0x00000158        0x4 LONG 0x20040000 ADDR (.data_RAM4)
                0x0000015c        0x4 LONG 0x0 SIZEOF (.data_RAM4)
                0x00000160                __data_section_table_end = .
                0x00000160                __bss_section_table = .
                0x00000160        0x4 LONG 0x2000000c ADDR (.bss)
                0x00000164        0x4 LONG 0x2aa4 SIZEOF (.bss)
                0x00000168        0x4 LONG 0x4000000 ADDR (.bss_RAM2)
                0x0000016c        0x4 LONG 0x0 SIZEOF (.bss_RAM2)
                0x00000170        0x4 LONG 0x40100000 ADDR (.bss_RAM3)
                0x00000174        0x4 LONG 0x0 SIZEOF (.bss_RAM3)
                0x00000178        0x4 LONG 0x20040000 ADDR (.bss_RAM4)
                0x0000017c        0x4 LONG 0x0 SIZEOF (.bss_RAM4)
                0x00000180                __bss_section_table_end = .
                0x00000180                __section_table_end = .
 *(SORT_BY_ALIGNMENT(.after_vectors*))
 .after_vectors.reset
                0x00000180       0x68 ./startup/startup_lpc5528.o
                0x00000180                ResetISR
 .after_vectors.init_data
                0x000001e8       0x1e ./startup/startup_lpc5528.o
                0x000001e8                data_init
 .after_vectors.init_bss
                0x00000206       0x12 ./startup/startup_lpc5528.o
                0x00000206                bss_init
 .after_vectors
                0x00000218       0x16 ./startup/startup_lpc5528.o
                0x00000218                NMI_Handler
                0x0000021c                MemManage_Handler
                0x0000021e                BusFault_Handler
                0x00000220                UsageFault_Handler
                0x00000222                SecureFault_Handler
                0x00000226                DebugMon_Handler
                0x0000022c                PIN_INT3_DriverIRQHandler
                0x0000022c                PIN_INT2_DriverIRQHandler
                0x0000022c                Reserved56_DriverIRQHandler
                0x0000022c                PIN_INT0_DriverIRQHandler
                0x0000022c                CTIMER2_DriverIRQHandler
                0x0000022c                SEC_VIO_DriverIRQHandler
                0x0000022c                IntDefaultHandler
                0x0000022c                USB0_DriverIRQHandler
                0x0000022c                CASER_DriverIRQHandler
                0x0000022c                MRT0_DriverIRQHandler
                0x0000022c                UTICK0_DriverIRQHandler
                0x0000022c                Reserved41_DriverIRQHandler
                0x0000022c                PIN_INT4_DriverIRQHandler
                0x0000022c                PIN_INT5_DriverIRQHandler
                0x0000022c                SEC_GPIO_INT0_IRQ0_DriverIRQHandler
                0x0000022c                Reserved47_DriverIRQHandler
                0x0000022c                CTIMER4_DriverIRQHandler
                0x0000022c                GINT1_DriverIRQHandler
                0x0000022c                PIN_INT7_DriverIRQHandler
                0x0000022c                Reserved55_DriverIRQHandler
                0x0000022c                USB0_NEEDCLK_DriverIRQHandler
                0x0000022c                CTIMER0_DriverIRQHandler
                0x0000022c                CTIMER1_DriverIRQHandler
                0x0000022c                Reserved42_DriverIRQHandler
                0x0000022c                PIN_INT6_DriverIRQHandler
                0x0000022c                PQ_DriverIRQHandler
                0x0000022c                PIN_INT1_DriverIRQHandler
                0x0000022c                CTIMER3_DriverIRQHandler
                0x0000022c                Reserved72_DriverIRQHandler
                0x0000022c                Reserved61_DriverIRQHandler
                0x0000022c                SEC_GPIO_INT0_IRQ1_DriverIRQHandler
                0x0000022c                RTC_DriverIRQHandler
                0x0000022c                DMA0_DriverIRQHandler
                0x0000022c                USB1_DriverIRQHandler
                0x0000022c                Reserved60_DriverIRQHandler
                0x0000022c                DMA1_DriverIRQHandler
                0x0000022c                ADC0_DriverIRQHandler
                0x0000022c                USB1_NEEDCLK_DriverIRQHandler
                0x0000022c                Reserved59_DriverIRQHandler
                0x0000022c                SDIO_DriverIRQHandler
                0x0000022c                GINT0_DriverIRQHandler
                0x0000022c                USB1_PHY_DriverIRQHandler
                0x0000022c                ACMP_DriverIRQHandler
                0x0000022c                Reserved57_DriverIRQHandler
                0x0000022c                Reserved39_DriverIRQHandler
                0x0000022c                Reserved46_DriverIRQHandler
                0x0000022c                Reserved70_DriverIRQHandler
                0x0000022c                WDT_BOD_DriverIRQHandler
                0x0000022c                SCT0_DriverIRQHandler
                0x0000022c                PLU_DriverIRQHandler
                0x0000022c                OS_EVENT_DriverIRQHandler
                0x0000022c                SEC_HYPERVISOR_CALL_DriverIRQHandler
 *(SORT_BY_ALIGNMENT(.text*))
 *fill*         0x0000022e        0x2 ff
 .text.vRestoreContextOfFirstTask
                0x00000230       0x38 ./freertos/freertos-kernel/portable/GCC/ARM_CM33_NTZ/non_secure/portasm.o
                0x00000230                vRestoreContextOfFirstTask
 *fill*         0x00000268        0x8 ff
 .text.vStartFirstTask
                0x00000270       0x28 ./freertos/freertos-kernel/portable/GCC/ARM_CM33_NTZ/non_secure/portasm.o
                0x00000270                vStartFirstTask
 *fill*         0x00000298        0x8 ff
 .text.PendSV_Handler
                0x000002a0       0x58 ./freertos/freertos-kernel/portable/GCC/ARM_CM33_NTZ/non_secure/portasm.o
                0x000002a0                PendSV_Handler
 *fill*         0x000002f8        0x8 ff
 .text.SVC_Handler
                0x00000300       0x28 ./freertos/freertos-kernel/portable/GCC/ARM_CM33_NTZ/non_secure/portasm.o
                0x00000300                SVC_Handler
 .text.__assertion_failed
                0x00000328       0x18 ./utilities/fsl_assert.o
                0x00000328                __assertion_failed
 .text.POWER_SetBodVbatLevel
                0x00000340       0x58 ./source/ES-1023.o
 .text.main     0x00000398       0x9c ./source/ES-1023.o
                0x00000398                main
 .text.my_task  0x00000434       0x24 ./source/ES-1023.o
 .text.pvPortMalloc
                0x00000458      0x154 ./freertos/freertos-kernel/portable/MemMang/heap_4.o
                0x00000458                pvPortMalloc
 .text.vPortFree
                0x000005ac       0x98 ./freertos/freertos-kernel/portable/MemMang/heap_4.o
                0x000005ac                vPortFree
 .text.prvHeapInit
                0x00000644       0xb8 ./freertos/freertos-kernel/portable/MemMang/heap_4.o
 .text.prvInsertBlockIntoFreeList
                0x000006fc       0xb4 ./freertos/freertos-kernel/portable/MemMang/heap_4.o
 .text.vPortSetupTimerInterrupt
                0x000007b0       0x48 ./freertos/freertos-kernel/portable/GCC/ARM_CM33_NTZ/non_secure/port.o
                0x000007b0                vPortSetupTimerInterrupt
 .text.prvTaskExitError
                0x000007f8       0x34 ./freertos/freertos-kernel/portable/GCC/ARM_CM33_NTZ/non_secure/port.o
 .text.vPortYield
                0x0000082c       0x24 ./freertos/freertos-kernel/portable/GCC/ARM_CM33_NTZ/non_secure/port.o
                0x0000082c                vPortYield
 .text.vPortEnterCritical
                0x00000850       0x24 ./freertos/freertos-kernel/portable/GCC/ARM_CM33_NTZ/non_secure/port.o
                0x00000850                vPortEnterCritical
 .text.vPortExitCritical
                0x00000874       0x34 ./freertos/freertos-kernel/portable/GCC/ARM_CM33_NTZ/non_secure/port.o
                0x00000874                vPortExitCritical
 .text.SysTick_Handler
                0x000008a8       0x30 ./freertos/freertos-kernel/portable/GCC/ARM_CM33_NTZ/non_secure/port.o
                0x000008a8                SysTick_Handler
 .text.pxPortInitialiseStack
                0x000008d8      0x114 ./freertos/freertos-kernel/portable/GCC/ARM_CM33_NTZ/non_secure/port.o
                0x000008d8                pxPortInitialiseStack
 .text.xPortStartScheduler
                0x000009ec       0x40 ./freertos/freertos-kernel/portable/GCC/ARM_CM33_NTZ/non_secure/port.o
                0x000009ec                xPortStartScheduler
 .text.vQueueAddToRegistry
                0x00000a2c       0x88 ./freertos/freertos-kernel/queue.o
                0x00000a2c                vQueueAddToRegistry
 .text.prvAddNewTaskToReadyList
                0x00000ab4      0x120 ./freertos/freertos-kernel/tasks.o
 .text.vTaskDelay
                0x00000bd4       0x48 ./freertos/freertos-kernel/tasks.o
                0x00000bd4                vTaskDelay
 .text.vTaskStartScheduler
                0x00000c1c       0x84 ./freertos/freertos-kernel/tasks.o
                0x00000c1c                vTaskStartScheduler
 .text.vTaskSuspendAll
                0x00000ca0       0x1c ./freertos/freertos-kernel/tasks.o
                0x00000ca0                vTaskSuspendAll
 .text.xTaskResumeAll
                0x00000cbc      0x1d8 ./freertos/freertos-kernel/tasks.o
                0x00000cbc                xTaskResumeAll
 .text.xTaskGetTickCount
                0x00000e94       0x20 ./freertos/freertos-kernel/tasks.o
                0x00000e94                xTaskGetTickCount
 .text.xTaskIncrementTick
                0x00000eb4      0x204 ./freertos/freertos-kernel/tasks.o
                0x00000eb4                xTaskIncrementTick
 .text.vTaskSwitchContext
                0x000010b8       0xa8 ./freertos/freertos-kernel/tasks.o
                0x000010b8                vTaskSwitchContext
 .text.vTaskPlaceOnEventList
                0x00001160       0x38 ./freertos/freertos-kernel/tasks.o
                0x00001160                vTaskPlaceOnEventList
 .text.vTaskPlaceOnEventListRestricted
                0x00001198       0x7c ./freertos/freertos-kernel/tasks.o
                0x00001198                vTaskPlaceOnEventListRestricted
 .text.xTaskRemoveFromEventList
                0x00001214      0x19c ./freertos/freertos-kernel/tasks.o
                0x00001214                xTaskRemoveFromEventList
 .text.vTaskInternalSetTimeOutState
                0x000013b0       0x2c ./freertos/freertos-kernel/tasks.o
                0x000013b0                vTaskInternalSetTimeOutState
 .text.xTaskCheckForTimeOut
                0x000013dc       0xac ./freertos/freertos-kernel/tasks.o
                0x000013dc                xTaskCheckForTimeOut
 .text.vTaskMissedYield
                0x00001488       0x18 ./freertos/freertos-kernel/tasks.o
                0x00001488                vTaskMissedYield
 .text.prvIdleTask
                0x000014a0       0x20 ./freertos/freertos-kernel/tasks.o
 .text.prvInitialiseTaskLists
                0x000014c0       0x80 ./freertos/freertos-kernel/tasks.o
 .text.prvCheckTasksWaitingTermination
                0x00001540       0x5c ./freertos/freertos-kernel/tasks.o
 .text.prvResetNextTaskUnblockTime
                0x0000159c       0x38 ./freertos/freertos-kernel/tasks.o
 .text.xTaskGetSchedulerState
                0x000015d4       0x3c ./freertos/freertos-kernel/tasks.o
                0x000015d4                xTaskGetSchedulerState
 .text.prvAddCurrentTaskToDelayedList
                0x00001610       0xdc ./freertos/freertos-kernel/tasks.o
 .text.xTimerCreateTimerTask
                0x000016ec       0x54 ./freertos/freertos-kernel/timers.o
                0x000016ec                xTimerCreateTimerTask
 .text.prvProcessExpiredTimer
                0x00001740       0x60 ./freertos/freertos-kernel/timers.o
 .text.prvProcessTimerOrBlockTask
                0x000017a0       0x8c ./freertos/freertos-kernel/timers.o
 .text.prvGetNextExpireTime
                0x0000182c       0x48 ./freertos/freertos-kernel/timers.o
 .text.prvSampleTimeNow
                0x00001874       0x40 ./freertos/freertos-kernel/timers.o
 .text.prvInsertTimerInActiveList
                0x000018b4       0x84 ./freertos/freertos-kernel/timers.o
 .text.prvProcessReceivedCommands
                0x00001938      0x194 ./freertos/freertos-kernel/timers.o
 .text.prvSwitchTimerLists
                0x00001acc       0x4c ./freertos/freertos-kernel/timers.o
 .text.prvCheckForValidListAndQueue
                0x00001b18       0x6c ./freertos/freertos-kernel/timers.o
 .text.POWER_DisablePD
                0x00001b84       0x20 ./drivers/fsl_clock.o
 .text.CLOCK_AttachClk
                0x00001ba4       0xa0 ./drivers/fsl_clock.o
                0x00001ba4                CLOCK_AttachClk
 .text.CLOCK_SetClkDiv
                0x00001c44       0x80 ./drivers/fsl_clock.o
                0x00001c44                CLOCK_SetClkDiv
 .text.CLOCK_SetupFROClocking
                0x00001cc4       0x80 ./drivers/fsl_clock.o
                0x00001cc4                CLOCK_SetupFROClocking
 .text.CLOCK_SetFLASHAccessCyclesForFreq
                0x00001d44      0x148 ./drivers/fsl_clock.o
                0x00001d44                CLOCK_SetFLASHAccessCyclesForFreq
 .text.FLEXCOMM_GetInstance
                0x00001e8c       0x50 ./drivers/fsl_flexcomm.o
                0x00001e8c                FLEXCOMM_GetInstance
 .text.FLEXCOMM0_DriverIRQHandler
                0x00001edc       0x5c ./drivers/fsl_flexcomm.o
                0x00001edc                FLEXCOMM0_DriverIRQHandler
 .text.FLEXCOMM1_DriverIRQHandler
                0x00001f38       0x5c ./drivers/fsl_flexcomm.o
                0x00001f38                FLEXCOMM1_DriverIRQHandler
 .text.FLEXCOMM2_DriverIRQHandler
                0x00001f94       0x5c ./drivers/fsl_flexcomm.o
                0x00001f94                FLEXCOMM2_DriverIRQHandler
 .text.FLEXCOMM3_DriverIRQHandler
                0x00001ff0       0x5c ./drivers/fsl_flexcomm.o
                0x00001ff0                FLEXCOMM3_DriverIRQHandler
 .text.FLEXCOMM4_DriverIRQHandler
                0x0000204c       0x5c ./drivers/fsl_flexcomm.o
                0x0000204c                FLEXCOMM4_DriverIRQHandler
 .text.FLEXCOMM5_DriverIRQHandler
                0x000020a8       0x5c ./drivers/fsl_flexcomm.o
                0x000020a8                FLEXCOMM5_DriverIRQHandler
 .text.FLEXCOMM6_DriverIRQHandler
                0x00002104       0x5c ./drivers/fsl_flexcomm.o
                0x00002104                FLEXCOMM6_DriverIRQHandler
 .text.FLEXCOMM7_DriverIRQHandler
                0x00002160       0x5c ./drivers/fsl_flexcomm.o
                0x00002160                FLEXCOMM7_DriverIRQHandler
 .text.FLEXCOMM8_DriverIRQHandler
                0x000021bc       0x5c ./drivers/fsl_flexcomm.o
                0x000021bc                FLEXCOMM8_DriverIRQHandler
 .text.GPIO_EnablePortClock
                0x00002218       0x34 ./drivers/fsl_gpio.o
 .text.GPIO_PortInit
                0x0000224c       0x2c ./drivers/fsl_gpio.o
                0x0000224c                GPIO_PortInit
 .text.lowpower_set_system_voltage
                0x00002278      0x154 ./drivers/fsl_power.o
 .text.lowpower_set_dcdc_power_profile
                0x000023cc       0xec ./drivers/fsl_power.o
 .text.lowpower_get_part_process_corner
                0x000024b8       0x94 ./drivers/fsl_power.o
 .text.POWER_SetVoltageForFreq
                0x0000254c       0x50 ./drivers/fsl_power.o
                0x0000254c                POWER_SetVoltageForFreq
 .text.RESET_SetPeripheralReset
                0x0000259c       0x5c ./drivers/fsl_reset.o
                0x0000259c                RESET_SetPeripheralReset
 .text.RESET_ClearPeripheralReset
                0x000025f8       0x60 ./drivers/fsl_reset.o
                0x000025f8                RESET_ClearPeripheralReset
 .text.SystemInit
                0x00002658       0x64 ./device/system_LPC5528.o
                0x00002658                SystemInit
 .text.POWER_DisablePD
                0x000026bc       0x20 ./board/clock_config.o
 .text.BOARD_BootClockFRO12M
                0x000026dc       0x54 ./board/clock_config.o
                0x000026dc                BOARD_BootClockFRO12M
 .text.BOARD_InitPins
                0x00002730       0x50 ./board/pin_mux.o
                0x00002730                BOARD_InitPins
 .text.malloc   0x00002780       0xc8 c:/nxp/mcuxpressoide_11.6.1_8255/ide/plugins/com.nxp.mcuxpresso.tools.win32_11.6.1.202207200623/tools/bin/../lib/gcc/arm-none-eabi/10.3.1/../../../../arm-none-eabi/lib/thumb/v8-m.main+fp/hard\libcr_c.a(alloc.o)
                0x00002780                malloc
 .text._Csys_alloc
                0x00002848       0x20 c:/nxp/mcuxpressoide_11.6.1_8255/ide/plugins/com.nxp.mcuxpresso.tools.win32_11.6.1.202207200623/tools/bin/../lib/gcc/arm-none-eabi/10.3.1/../../../../arm-none-eabi/lib/thumb/v8-m.main+fp/hard\libcr_c.a(alloc.o)
                0x00002848                _Csys_alloc
 .text._initio  0x00002868       0x78 c:/nxp/mcuxpressoide_11.6.1_8255/ide/plugins/com.nxp.mcuxpresso.tools.win32_11.6.1.202207200623/tools/bin/../lib/gcc/arm-none-eabi/10.3.1/../../../../arm-none-eabi/lib/thumb/v8-m.main+fp/hard\libcr_c.a(initio.o)
                0x00002868                _initio
 .text.__vfprintf
                0x000028e0      0xbf4 c:/nxp/mcuxpressoide_11.6.1_8255/ide/plugins/com.nxp.mcuxpresso.tools.win32_11.6.1.202207200623/tools/bin/../lib/gcc/arm-none-eabi/10.3.1/../../../../arm-none-eabi/lib/thumb/v8-m.main+fp/hard\libcr_c.a(printf.o)
                0x000028e0                __vfprintf
 .text._vsnprintf
                0x000034d4       0x68 c:/nxp/mcuxpressoide_11.6.1_8255/ide/plugins/com.nxp.mcuxpresso.tools.win32_11.6.1.202207200623/tools/bin/../lib/gcc/arm-none-eabi/10.3.1/../../../../arm-none-eabi/lib/thumb/v8-m.main+fp/hard\libcr_c.a(printf.o)
                0x000034d4                _vsnprintf
 .text._printf  0x0000353c       0x54 c:/nxp/mcuxpressoide_11.6.1_8255/ide/plugins/com.nxp.mcuxpresso.tools.win32_11.6.1.202207200623/tools/bin/../lib/gcc/arm-none-eabi/10.3.1/../../../../arm-none-eabi/lib/thumb/v8-m.main+fp/hard\libcr_c.a(printf.o)
                0x0000353c                _printf
 .text._sbrk    0x00003590       0x3c c:/nxp/mcuxpressoide_11.6.1_8255/ide/plugins/com.nxp.mcuxpresso.tools.win32_11.6.1.202207200623/tools/bin/../lib/gcc/arm-none-eabi/10.3.1/../../../../arm-none-eabi/lib/thumb/v8-m.main+fp/hard\libcr_c.a(_cr_sbrk.o)
                0x00003590                _sbrk
 .text._Cwritebuf
                0x000035cc       0x6c c:/nxp/mcuxpressoide_11.6.1_8255/ide/plugins/com.nxp.mcuxpresso.tools.win32_11.6.1.202207200623/tools/bin/../lib/gcc/arm-none-eabi/10.3.1/../../../../arm-none-eabi/lib/thumb/v8-m.main+fp/hard\libcr_c.a(_writebuf.o)
                0x000035cc                _Cwritebuf
 .text.fflush   0x00003638       0x3c c:/nxp/mcuxpressoide_11.6.1_8255/ide/plugins/com.nxp.mcuxpresso.tools.win32_11.6.1.202207200623/tools/bin/../lib/gcc/arm-none-eabi/10.3.1/../../../../arm-none-eabi/lib/thumb/v8-m.main+fp/hard\libcr_c.a(fflush.o)
                0x00003638                fflush
 .text.fseek    0x00003674       0xfc c:/nxp/mcuxpressoide_11.6.1_8255/ide/plugins/com.nxp.mcuxpresso.tools.win32_11.6.1.202207200623/tools/bin/../lib/gcc/arm-none-eabi/10.3.1/../../../../arm-none-eabi/lib/thumb/v8-m.main+fp/hard\libcr_c.a(fseek.o)
                0x00003674                fseek
 .text.ftell    0x00003770       0x44 c:/nxp/mcuxpressoide_11.6.1_8255/ide/plugins/com.nxp.mcuxpresso.tools.win32_11.6.1.202207200623/tools/bin/../lib/gcc/arm-none-eabi/10.3.1/../../../../arm-none-eabi/lib/thumb/v8-m.main+fp/hard\libcr_c.a(ftell.o)
                0x00003770                ftell
 .text.__check_heap_overflow
                0x000037b4       0x18 c:/nxp/mcuxpressoide_11.6.1_8255/ide/plugins/com.nxp.mcuxpresso.tools.win32_11.6.1.202207200623/tools/bin/../lib/gcc/arm-none-eabi/10.3.1/../../../../arm-none-eabi/lib/thumb/v8-m.main+fp/hard\libcr_c.a(_cr_check_heap.o)
                0x000037b4                __check_heap_overflow
 .text.WDT_BOD_IRQHandler
                0x000037cc        0x8 ./startup/startup_lpc5528.o
                0x000037cc                WDT_BOD_IRQHandler
 .text.DMA0_IRQHandler
                0x000037d4        0x8 ./startup/startup_lpc5528.o
                0x000037d4                DMA0_IRQHandler
 .text.GINT0_IRQHandler
                0x000037dc        0x8 ./startup/startup_lpc5528.o
                0x000037dc                GINT0_IRQHandler
 .text.GINT1_IRQHandler
                0x000037e4        0x8 ./startup/startup_lpc5528.o
                0x000037e4                GINT1_IRQHandler
 .text.PIN_INT0_IRQHandler
                0x000037ec        0x8 ./startup/startup_lpc5528.o
                0x000037ec                PIN_INT0_IRQHandler
 .text.PIN_INT1_IRQHandler
                0x000037f4        0x8 ./startup/startup_lpc5528.o
                0x000037f4                PIN_INT1_IRQHandler
 .text.PIN_INT2_IRQHandler
                0x000037fc        0x8 ./startup/startup_lpc5528.o
                0x000037fc                PIN_INT2_IRQHandler
 .text.PIN_INT3_IRQHandler
                0x00003804        0x8 ./startup/startup_lpc5528.o
                0x00003804                PIN_INT3_IRQHandler
 .text.UTICK0_IRQHandler
                0x0000380c        0x8 ./startup/startup_lpc5528.o
                0x0000380c                UTICK0_IRQHandler
 .text.MRT0_IRQHandler
                0x00003814        0x8 ./startup/startup_lpc5528.o
                0x00003814                MRT0_IRQHandler
 .text.CTIMER0_IRQHandler
                0x0000381c        0x8 ./startup/startup_lpc5528.o
                0x0000381c                CTIMER0_IRQHandler
 .text.CTIMER1_IRQHandler
                0x00003824        0x8 ./startup/startup_lpc5528.o
                0x00003824                CTIMER1_IRQHandler
 .text.SCT0_IRQHandler
                0x0000382c        0x8 ./startup/startup_lpc5528.o
                0x0000382c                SCT0_IRQHandler
 .text.CTIMER3_IRQHandler
                0x00003834        0x8 ./startup/startup_lpc5528.o
                0x00003834                CTIMER3_IRQHandler
 .text.FLEXCOMM0_IRQHandler
                0x0000383c        0x8 ./startup/startup_lpc5528.o
                0x0000383c                FLEXCOMM0_IRQHandler
 .text.FLEXCOMM1_IRQHandler
                0x00003844        0x8 ./startup/startup_lpc5528.o
                0x00003844                FLEXCOMM1_IRQHandler
 .text.FLEXCOMM2_IRQHandler
                0x0000384c        0x8 ./startup/startup_lpc5528.o
                0x0000384c                FLEXCOMM2_IRQHandler
 .text.FLEXCOMM3_IRQHandler
                0x00003854        0x8 ./startup/startup_lpc5528.o
                0x00003854                FLEXCOMM3_IRQHandler
 .text.FLEXCOMM4_IRQHandler
                0x0000385c        0x8 ./startup/startup_lpc5528.o
                0x0000385c                FLEXCOMM4_IRQHandler
 .text.FLEXCOMM5_IRQHandler
                0x00003864        0x8 ./startup/startup_lpc5528.o
                0x00003864                FLEXCOMM5_IRQHandler
 .text.FLEXCOMM6_IRQHandler
                0x0000386c        0x8 ./startup/startup_lpc5528.o
                0x0000386c                FLEXCOMM6_IRQHandler
 .text.FLEXCOMM7_IRQHandler
                0x00003874        0x8 ./startup/startup_lpc5528.o
                0x00003874                FLEXCOMM7_IRQHandler
 .text.ADC0_IRQHandler
                0x0000387c        0x8 ./startup/startup_lpc5528.o
                0x0000387c                ADC0_IRQHandler
 .text.Reserved39_IRQHandler
                0x00003884        0x8 ./startup/startup_lpc5528.o
                0x00003884                Reserved39_IRQHandler
 .text.ACMP_IRQHandler
                0x0000388c        0x8 ./startup/startup_lpc5528.o
                0x0000388c                ACMP_IRQHandler
 .text.Reserved41_IRQHandler
                0x00003894        0x8 ./startup/startup_lpc5528.o
                0x00003894                Reserved41_IRQHandler
 .text.Reserved42_IRQHandler
                0x0000389c        0x8 ./startup/startup_lpc5528.o
                0x0000389c                Reserved42_IRQHandler
 .text.USB0_NEEDCLK_IRQHandler
                0x000038a4        0x8 ./startup/startup_lpc5528.o
                0x000038a4                USB0_NEEDCLK_IRQHandler
 .text.USB0_IRQHandler
                0x000038ac        0x8 ./startup/startup_lpc5528.o
                0x000038ac                USB0_IRQHandler
 .text.RTC_IRQHandler
                0x000038b4        0x8 ./startup/startup_lpc5528.o
                0x000038b4                RTC_IRQHandler
 .text.Reserved46_IRQHandler
                0x000038bc        0x8 ./startup/startup_lpc5528.o
                0x000038bc                Reserved46_IRQHandler
 .text.Reserved47_IRQHandler
                0x000038c4        0x8 ./startup/startup_lpc5528.o
                0x000038c4                Reserved47_IRQHandler
 .text.PIN_INT4_IRQHandler
                0x000038cc        0x8 ./startup/startup_lpc5528.o
                0x000038cc                PIN_INT4_IRQHandler
 .text.PIN_INT5_IRQHandler
                0x000038d4        0x8 ./startup/startup_lpc5528.o
                0x000038d4                PIN_INT5_IRQHandler
 .text.PIN_INT6_IRQHandler
                0x000038dc        0x8 ./startup/startup_lpc5528.o
                0x000038dc                PIN_INT6_IRQHandler
 .text.PIN_INT7_IRQHandler
                0x000038e4        0x8 ./startup/startup_lpc5528.o
                0x000038e4                PIN_INT7_IRQHandler
 .text.CTIMER2_IRQHandler
                0x000038ec        0x8 ./startup/startup_lpc5528.o
                0x000038ec                CTIMER2_IRQHandler
 .text.CTIMER4_IRQHandler
                0x000038f4        0x8 ./startup/startup_lpc5528.o
                0x000038f4                CTIMER4_IRQHandler
 .text.OS_EVENT_IRQHandler
                0x000038fc        0x8 ./startup/startup_lpc5528.o
                0x000038fc                OS_EVENT_IRQHandler
 .text.Reserved55_IRQHandler
                0x00003904        0x8 ./startup/startup_lpc5528.o
                0x00003904                Reserved55_IRQHandler
 .text.Reserved56_IRQHandler
                0x0000390c        0x8 ./startup/startup_lpc5528.o
                0x0000390c                Reserved56_IRQHandler
 .text.Reserved57_IRQHandler
                0x00003914        0x8 ./startup/startup_lpc5528.o
                0x00003914                Reserved57_IRQHandler
 .text.SDIO_IRQHandler
                0x0000391c        0x8 ./startup/startup_lpc5528.o
                0x0000391c                SDIO_IRQHandler
 .text.Reserved59_IRQHandler
                0x00003924        0x8 ./startup/startup_lpc5528.o
                0x00003924                Reserved59_IRQHandler
 .text.Reserved60_IRQHandler
                0x0000392c        0x8 ./startup/startup_lpc5528.o
                0x0000392c                Reserved60_IRQHandler
 .text.Reserved61_IRQHandler
                0x00003934        0x8 ./startup/startup_lpc5528.o
                0x00003934                Reserved61_IRQHandler
 .text.USB1_PHY_IRQHandler
                0x0000393c        0x8 ./startup/startup_lpc5528.o
                0x0000393c                USB1_PHY_IRQHandler
 .text.USB1_IRQHandler
                0x00003944        0x8 ./startup/startup_lpc5528.o
                0x00003944                USB1_IRQHandler
 .text.USB1_NEEDCLK_IRQHandler
                0x0000394c        0x8 ./startup/startup_lpc5528.o
                0x0000394c                USB1_NEEDCLK_IRQHandler
 .text.SEC_HYPERVISOR_CALL_IRQHandler
                0x00003954        0x8 ./startup/startup_lpc5528.o
                0x00003954                SEC_HYPERVISOR_CALL_IRQHandler
 .text.SEC_GPIO_INT0_IRQ0_IRQHandler
                0x0000395c        0x8 ./startup/startup_lpc5528.o
                0x0000395c                SEC_GPIO_INT0_IRQ0_IRQHandler
 .text.SEC_GPIO_INT0_IRQ1_IRQHandler
                0x00003964        0x8 ./startup/startup_lpc5528.o
                0x00003964                SEC_GPIO_INT0_IRQ1_IRQHandler
 .text.PLU_IRQHandler
                0x0000396c        0x8 ./startup/startup_lpc5528.o
                0x0000396c                PLU_IRQHandler
 .text.SEC_VIO_IRQHandler
                0x00003974        0x8 ./startup/startup_lpc5528.o
                0x00003974                SEC_VIO_IRQHandler
 .text.Reserved70_IRQHandler
                0x0000397c        0x8 ./startup/startup_lpc5528.o
                0x0000397c                Reserved70_IRQHandler
 .text.CASER_IRQHandler
                0x00003984        0x8 ./startup/startup_lpc5528.o
                0x00003984                CASER_IRQHandler
 .text.Reserved72_IRQHandler
                0x0000398c        0x8 ./startup/startup_lpc5528.o
                0x0000398c                Reserved72_IRQHandler
 .text.PQ_IRQHandler
                0x00003994        0x8 ./startup/startup_lpc5528.o
                0x00003994                PQ_IRQHandler
 .text.DMA1_IRQHandler
                0x0000399c        0x8 ./startup/startup_lpc5528.o
                0x0000399c                DMA1_IRQHandler
 .text.FLEXCOMM8_IRQHandler
                0x000039a4        0x8 ./startup/startup_lpc5528.o
                0x000039a4                FLEXCOMM8_IRQHandler
 .text.CLOCK_EnableClock
                0x000039ac       0x30 ./source/ES-1023.o
 .text.GPIO_PinWrite
                0x000039dc       0x2a ./source/ES-1023.o
 .text.GPIO_PortToggle
                0x00003a06       0x26 ./source/ES-1023.o
 .text.GPIO_PortMaskedSet
                0x00003a2c       0x26 ./source/ES-1023.o
 .text.GPIO_PortMaskedWrite
                0x00003a52       0x26 ./source/ES-1023.o
 .text.HardFault_Handler
                0x00003a78       0x2c ./source/semihost_hardfault.o
                0x00003a78                HardFault_Handler
 .text.vPortSVCHandler_C
                0x00003aa4       0x30 ./freertos/freertos-kernel/portable/GCC/ARM_CM33_NTZ/non_secure/port.o
                0x00003aa4                vPortSVCHandler_C
 .text.ulSetInterruptMask
                0x00003ad4       0x1a ./freertos/freertos-kernel/portable/GCC/ARM_CM33_NTZ/non_secure/portasm.o
                0x00003ad4                ulSetInterruptMask
 .text.vClearInterruptMask
                0x00003aee       0x10 ./freertos/freertos-kernel/portable/GCC/ARM_CM33_NTZ/non_secure/portasm.o
                0x00003aee                vClearInterruptMask
 .text.vListInitialise
                0x00003afe       0x40 ./freertos/freertos-kernel/list.o
                0x00003afe                vListInitialise
 .text.vListInitialiseItem
                0x00003b3e       0x1a ./freertos/freertos-kernel/list.o
                0x00003b3e                vListInitialiseItem
 .text.vListInsert
                0x00003b58       0x72 ./freertos/freertos-kernel/list.o
                0x00003b58                vListInsert
 .text.uxListRemove
                0x00003bca       0x54 ./freertos/freertos-kernel/list.o
                0x00003bca                uxListRemove
 .text.xQueueGenericReset
                0x00003c1e       0xee ./freertos/freertos-kernel/queue.o
                0x00003c1e                xQueueGenericReset
 .text.xQueueGenericCreate
                0x00003d0c       0x8c ./freertos/freertos-kernel/queue.o
                0x00003d0c                xQueueGenericCreate
 .text.prvInitialiseNewQueue
                0x00003d98       0x46 ./freertos/freertos-kernel/queue.o
 .text.xQueueReceive
                0x00003dde      0x172 ./freertos/freertos-kernel/queue.o
                0x00003dde                xQueueReceive
 .text.prvCopyDataFromQueue
                0x00003f50       0x4c ./freertos/freertos-kernel/queue.o
 .text.prvUnlockQueue
                0x00003f9c       0xa4 ./freertos/freertos-kernel/queue.o
 .text.prvIsQueueEmpty
                0x00004040       0x2c ./freertos/freertos-kernel/queue.o
 .text.vQueueWaitForMessageRestricted
                0x0000406c       0x68 ./freertos/freertos-kernel/queue.o
                0x0000406c                vQueueWaitForMessageRestricted
 .text.xTaskCreate
                0x000040d4       0x8c ./freertos/freertos-kernel/tasks.o
                0x000040d4                xTaskCreate
 .text.prvInitialiseNewTask
                0x00004160      0x100 ./freertos/freertos-kernel/tasks.o
 .text.prvDeleteTCB
                0x00004260       0x20 ./freertos/freertos-kernel/tasks.o
 .text.prvReloadTimer
                0x00004280       0x42 ./freertos/freertos-kernel/timers.o
 .text.prvTimerTask
                0x000042c2       0x24 ./freertos/freertos-kernel/timers.o
 .text.CLOCK_EnableClock
                0x000042e6       0x30 ./drivers/fsl_gpio.o
 .text.GPIO_PinInit
                0x00004316       0xa4 ./drivers/fsl_gpio.o
                0x00004316                GPIO_PinInit
 .text.lowpower_set_voltage_for_process
                0x000043ba       0xaa ./drivers/fsl_power.o
 .text.RESET_PeripheralReset
                0x00004464       0x1c ./drivers/fsl_reset.o
                0x00004464                RESET_PeripheralReset
 .text.SystemInitHook
                0x00004480        0xe ./device/system_LPC5528.o
                0x00004480                SystemInitHook
 .text.BOARD_InitDebugConsole
                0x0000448e        0xe ./board/board.o
                0x0000448e                BOARD_InitDebugConsole
 .text.BOARD_InitBootPeripherals
                0x0000449c        0xe ./board/peripherals.o
                0x0000449c                BOARD_InitBootPeripherals
 .text.CLOCK_EnableClock
                0x000044aa       0x30 ./board/pin_mux.o
 .text.BOARD_InitBootPins
                0x000044da        0xc ./board/pin_mux.o
                0x000044da                BOARD_InitBootPins
 .text.__main   0x000044e6        0xe c:/nxp/mcuxpressoide_11.6.1_8255/ide/plugins/com.nxp.mcuxpresso.tools.win32_11.6.1.202207200623/tools/bin/../lib/gcc/arm-none-eabi/10.3.1/../../../../arm-none-eabi/lib/thumb/v8-m.main+fp/hard\libcr_nohost_nf.a(_cr__main.o)
                0x000044e6                __main
 .text.memcpy   0x000044f4        0x4 c:/nxp/mcuxpressoide_11.6.1_8255/ide/plugins/com.nxp.mcuxpresso.tools.win32_11.6.1.202207200623/tools/bin/../lib/gcc/arm-none-eabi/10.3.1/../../../../arm-none-eabi/lib/thumb/v8-m.main+fp/hard\libcr_c.a(memcpy.o)
                0x000044f4                memcpy
 .text.memset   0x000044f8        0x4 c:/nxp/mcuxpressoide_11.6.1_8255/ide/plugins/com.nxp.mcuxpresso.tools.win32_11.6.1.202207200623/tools/bin/../lib/gcc/arm-none-eabi/10.3.1/../../../../arm-none-eabi/lib/thumb/v8-m.main+fp/hard\libcr_c.a(memset.o)
                0x000044f8                memset
 .text.free     0x000044fc       0x30 c:/nxp/mcuxpressoide_11.6.1_8255/ide/plugins/com.nxp.mcuxpresso.tools.win32_11.6.1.202207200623/tools/bin/../lib/gcc/arm-none-eabi/10.3.1/../../../../arm-none-eabi/lib/thumb/v8-m.main+fp/hard\libcr_c.a(alloc.o)
                0x000044fc                free
 .text.no_fp_display
                0x0000452c        0x4 c:/nxp/mcuxpressoide_11.6.1_8255/ide/plugins/com.nxp.mcuxpresso.tools.win32_11.6.1.202207200623/tools/bin/../lib/gcc/arm-none-eabi/10.3.1/../../../../arm-none-eabi/lib/thumb/v8-m.main+fp/hard\libcr_c.a(printf.o)
 .text.setvbuf  0x00004530       0x3e c:/nxp/mcuxpressoide_11.6.1_8255/ide/plugins/com.nxp.mcuxpresso.tools.win32_11.6.1.202207200623/tools/bin/../lib/gcc/arm-none-eabi/10.3.1/../../../../arm-none-eabi/lib/thumb/v8-m.main+fp/hard\libcr_c.a(setvbuf.o)
                0x00004530                setvbuf
 .text.strlen   0x0000456e       0x48 c:/nxp/mcuxpressoide_11.6.1_8255/ide/plugins/com.nxp.mcuxpresso.tools.win32_11.6.1.202207200623/tools/bin/../lib/gcc/arm-none-eabi/10.3.1/../../../../arm-none-eabi/lib/thumb/v8-m.main+fp/hard\libcr_c.a(strlen.o)
                0x0000456e                strlen
 .text._deferredlazyseek
                0x000045b6       0x40 c:/nxp/mcuxpressoide_11.6.1_8255/ide/plugins/com.nxp.mcuxpresso.tools.win32_11.6.1.202207200623/tools/bin/../lib/gcc/arm-none-eabi/10.3.1/../../../../arm-none-eabi/lib/thumb/v8-m.main+fp/hard\libcr_c.a(_deferredlazyseek.o)
                0x000045b6                _deferredlazyseek
 .text.__flsbuf
                0x000045f6      0x140 c:/nxp/mcuxpressoide_11.6.1_8255/ide/plugins/com.nxp.mcuxpresso.tools.win32_11.6.1.202207200623/tools/bin/../lib/gcc/arm-none-eabi/10.3.1/../../../../arm-none-eabi/lib/thumb/v8-m.main+fp/hard\libcr_c.a(_deferredlazyseek.o)
                0x000045f6                __flsbuf
 .text._fdopen  0x00004736       0x68 c:/nxp/mcuxpressoide_11.6.1_8255/ide/plugins/com.nxp.mcuxpresso.tools.win32_11.6.1.202207200623/tools/bin/../lib/gcc/arm-none-eabi/10.3.1/../../../../arm-none-eabi/lib/thumb/v8-m.main+fp/hard\libcr_c.a(_fdopen.o)
                0x00004736                _fdopen
 .text._fflush  0x0000479e       0x52 c:/nxp/mcuxpressoide_11.6.1_8255/ide/plugins/com.nxp.mcuxpresso.tools.win32_11.6.1.202207200623/tools/bin/../lib/gcc/arm-none-eabi/10.3.1/../../../../arm-none-eabi/lib/thumb/v8-m.main+fp/hard\libcr_c.a(_fflush.o)
                0x0000479e                _fflush
 .text.fclose   0x000047f0       0x58 c:/nxp/mcuxpressoide_11.6.1_8255/ide/plugins/com.nxp.mcuxpresso.tools.win32_11.6.1.202207200623/tools/bin/../lib/gcc/arm-none-eabi/10.3.1/../../../../arm-none-eabi/lib/thumb/v8-m.main+fp/hard\libcr_c.a(fclose.o)
                0x000047f0                fclose
 .text.remove   0x00004848       0x14 c:/nxp/mcuxpressoide_11.6.1_8255/ide/plugins/com.nxp.mcuxpresso.tools.win32_11.6.1.202207200623/tools/bin/../lib/gcc/arm-none-eabi/10.3.1/../../../../arm-none-eabi/lib/thumb/v8-m.main+fp/hard\libcr_c.a(remove.o)
                0x00004848                remove
 .text._do_fflush
                0x0000485c       0x40 c:/nxp/mcuxpressoide_11.6.1_8255/ide/plugins/com.nxp.mcuxpresso.tools.win32_11.6.1.202207200623/tools/bin/../lib/gcc/arm-none-eabi/10.3.1/../../../../arm-none-eabi/lib/thumb/v8-m.main+fp/hard\libcr_c.a(_do_fflush.o)
                0x0000485c                _do_fflush
 .text.__aeabi_memcpy
                0x0000489c       0x34 c:/nxp/mcuxpressoide_11.6.1_8255/ide/plugins/com.nxp.mcuxpresso.tools.win32_11.6.1.202207200623/tools/bin/../lib/gcc/arm-none-eabi/10.3.1/thumb/v8-m.main+fp/hard\libcr_eabihelpers.a(memcpy.o)
                0x0000489c                __aeabi_memcpy
                0x000048a6                __aeabi_memcpy8
                0x000048a6                __aeabi_memcpy4
 .text.__aeabi_memset_lowlevel
                0x000048d0       0x32 c:/nxp/mcuxpressoide_11.6.1_8255/ide/plugins/com.nxp.mcuxpresso.tools.win32_11.6.1.202207200623/tools/bin/../lib/gcc/arm-none-eabi/10.3.1/thumb/v8-m.main+fp/hard\libcr_eabihelpers.a(memcpy.o)
                0x000048d0                __aeabi_lowlevel_memset
 .text.__sys_appexit
                0x00004902        0x2 c:/nxp/mcuxpressoide_11.6.1_8255/ide/plugins/com.nxp.mcuxpresso.tools.win32_11.6.1.202207200623/tools/bin/../lib/gcc/arm-none-eabi/10.3.1/../../../../arm-none-eabi/lib/thumb/v8-m.main+fp/hard\libcr_nohost_nf.a(__sys_appexit.o)
                0x00004902                __sys_appexit
                0x00004902                __exit
 .text.__sys_close
                0x00004904        0x6 c:/nxp/mcuxpressoide_11.6.1_8255/ide/plugins/com.nxp.mcuxpresso.tools.win32_11.6.1.202207200623/tools/bin/../lib/gcc/arm-none-eabi/10.3.1/../../../../arm-none-eabi/lib/thumb/v8-m.main+fp/hard\libcr_nohost_nf.a(__sys_close.o)
                0x00004904                __sys_close
 .text.__sys_flen
                0x0000490a        0x6 c:/nxp/mcuxpressoide_11.6.1_8255/ide/plugins/com.nxp.mcuxpresso.tools.win32_11.6.1.202207200623/tools/bin/../lib/gcc/arm-none-eabi/10.3.1/../../../../arm-none-eabi/lib/thumb/v8-m.main+fp/hard\libcr_nohost_nf.a(__sys_flen.o)
                0x0000490a                __sys_flen
 .text.__sys_istty
                0x00004910        0x6 c:/nxp/mcuxpressoide_11.6.1_8255/ide/plugins/com.nxp.mcuxpresso.tools.win32_11.6.1.202207200623/tools/bin/../lib/gcc/arm-none-eabi/10.3.1/../../../../arm-none-eabi/lib/thumb/v8-m.main+fp/hard\libcr_nohost_nf.a(__sys_istty.o)
                0x00004910                __sys_istty
 .text.__sys_remove
                0x00004916        0x6 c:/nxp/mcuxpressoide_11.6.1_8255/ide/plugins/com.nxp.mcuxpresso.tools.win32_11.6.1.202207200623/tools/bin/../lib/gcc/arm-none-eabi/10.3.1/../../../../arm-none-eabi/lib/thumb/v8-m.main+fp/hard\libcr_nohost_nf.a(__sys_remove.o)
                0x00004916                __sys_remove
 .text.__sys_seek
                0x0000491c        0x6 c:/nxp/mcuxpressoide_11.6.1_8255/ide/plugins/com.nxp.mcuxpresso.tools.win32_11.6.1.202207200623/tools/bin/../lib/gcc/arm-none-eabi/10.3.1/../../../../arm-none-eabi/lib/thumb/v8-m.main+fp/hard\libcr_nohost_nf.a(__sys_seek.o)
                0x0000491c                __sys_seek
 .text.__sys_tmpnam
                0x00004922        0x6 c:/nxp/mcuxpressoide_11.6.1_8255/ide/plugins/com.nxp.mcuxpresso.tools.win32_11.6.1.202207200623/tools/bin/../lib/gcc/arm-none-eabi/10.3.1/../../../../arm-none-eabi/lib/thumb/v8-m.main+fp/hard\libcr_nohost_nf.a(__sys_tmpnam.o)
                0x00004922                __sys_tmpnam
 .text.__sys_write
                0x00004928        0x4 c:/nxp/mcuxpressoide_11.6.1_8255/ide/plugins/com.nxp.mcuxpresso.tools.win32_11.6.1.202207200623/tools/bin/../lib/gcc/arm-none-eabi/10.3.1/../../../../arm-none-eabi/lib/thumb/v8-m.main+fp/hard\libcr_nohost_nf.a(__sys_write.o)
                0x00004928                __sys_write
 *freertos*/tasks.o(SORT_BY_ALIGNMENT(.rodata*))
 .rodata.vTaskStartScheduler.str1.4
                0x0000492c        0x5 ./freertos/freertos-kernel/tasks.o
 *(SORT_BY_ALIGNMENT(.rodata) SORT_BY_ALIGNMENT(.rodata.*) SORT_BY_ALIGNMENT(.constdata) SORT_BY_ALIGNMENT(.constdata.*))
 *fill*         0x00004931        0x3 ff
 .rodata.__assertion_failed.str1.4
                0x00004934       0x14 ./utilities/fsl_assert.o
 .rodata.main.str1.4
                0x00004948        0x8 ./source/ES-1023.o
 .rodata.xTimerCreateTimerTask.str1.4
                0x00004950        0x8 ./freertos/freertos-kernel/timers.o
 .rodata.prvCheckForValidListAndQueue.str1.4
                0x00004958        0x5 ./freertos/freertos-kernel/timers.o
 *fill*         0x0000495d        0x3 ff
 .rodata.s_flexcommBaseAddrs
                0x00004960       0x24 ./drivers/fsl_flexcomm.o
 .rodata.FLEXCOMM_GetInstance.str1.4
                0x00004984       0x42 ./drivers/fsl_flexcomm.o
 *fill*         0x000049c6        0x2 ff
 .rodata.FLEXCOMM0_DriverIRQHandler.str1.4
                0x000049c8       0x3c ./drivers/fsl_flexcomm.o
 .rodata.FLEXCOMM1_DriverIRQHandler.str1.4
                0x00004a04       0x3c ./drivers/fsl_flexcomm.o
 .rodata.FLEXCOMM2_DriverIRQHandler.str1.4
                0x00004a40       0x3c ./drivers/fsl_flexcomm.o
 .rodata.FLEXCOMM3_DriverIRQHandler.str1.4
                0x00004a7c       0x3c ./drivers/fsl_flexcomm.o
 .rodata.FLEXCOMM4_DriverIRQHandler.str1.4
                0x00004ab8       0x3c ./drivers/fsl_flexcomm.o
 .rodata.FLEXCOMM5_DriverIRQHandler.str1.4
                0x00004af4       0x3c ./drivers/fsl_flexcomm.o
 .rodata.FLEXCOMM6_DriverIRQHandler.str1.4
                0x00004b30       0x3c ./drivers/fsl_flexcomm.o
 .rodata.FLEXCOMM7_DriverIRQHandler.str1.4
                0x00004b6c       0x3c ./drivers/fsl_flexcomm.o
 .rodata.FLEXCOMM8_DriverIRQHandler.str1.4
                0x00004ba8       0x3c ./drivers/fsl_flexcomm.o
 .rodata.s_gpioClockName
                0x00004be4        0x8 ./drivers/fsl_gpio.o
 .rodata.s_gpioResets
                0x00004bec       0x18 ./drivers/fsl_gpio.o
 .rodata.GPIO_EnablePortClock.str1.4
                0x00004c04       0x33 ./drivers/fsl_gpio.o
 *fill*         0x00004c37        0x1 ff
 .rodata.RESET_SetPeripheralReset.str1.4
                0x00004c38       0x1e ./drivers/fsl_reset.o
 *fill*         0x00004c56        0x2 ff
 .rodata.RESET_ClearPeripheralReset.str1.4
                0x00004c58       0x1e ./drivers/fsl_reset.o
 *fill*         0x00004c76        0x2 ff
 .rodata.__num_Ciob_streams
                0x00004c78        0x4 c:/nxp/mcuxpressoide_11.6.1_8255/ide/plugins/com.nxp.mcuxpresso.tools.win32_11.6.1.202207200623/tools/bin/../lib/gcc/arm-none-eabi/10.3.1/../../../../arm-none-eabi/lib/thumb/v8-m.main+fp/hard\libcr_nohost_nf.a(__ciob.o)
                0x00004c78                __num_Ciob_streams
 .rodata._Csys_alloc.str1.1
                0x00004c7c       0x18 c:/nxp/mcuxpressoide_11.6.1_8255/ide/plugins/com.nxp.mcuxpresso.tools.win32_11.6.1.202207200623/tools/bin/../lib/gcc/arm-none-eabi/10.3.1/../../../../arm-none-eabi/lib/thumb/v8-m.main+fp/hard\libcr_c.a(alloc.o)
 .rodata._initio.str1.1
                0x00004c94        0x4 c:/nxp/mcuxpressoide_11.6.1_8255/ide/plugins/com.nxp.mcuxpresso.tools.win32_11.6.1.202207200623/tools/bin/../lib/gcc/arm-none-eabi/10.3.1/../../../../arm-none-eabi/lib/thumb/v8-m.main+fp/hard\libcr_c.a(initio.o)
 .rodata.__vfprintf.str1.1
                0x00004c98       0x37 c:/nxp/mcuxpressoide_11.6.1_8255/ide/plugins/com.nxp.mcuxpresso.tools.win32_11.6.1.202207200623/tools/bin/../lib/gcc/arm-none-eabi/10.3.1/../../../../arm-none-eabi/lib/thumb/v8-m.main+fp/hard\libcr_c.a(printf.o)
                                 0x38 (size before relaxing)
                0x00004cd0                . = ALIGN (0x4)
 *fill*         0x00004ccf        0x1 ff
                0x00004cd0                _etext = .

.glue_7         0x00004cd0        0x0
 .glue_7        0x00004cd0        0x0 linker stubs

.glue_7t        0x00004cd0        0x0
 .glue_7t       0x00004cd0        0x0 linker stubs

.vfp11_veneer   0x00004cd0        0x0
 .vfp11_veneer  0x00004cd0        0x0 linker stubs

.v4_bx          0x00004cd0        0x0
 .v4_bx         0x00004cd0        0x0 linker stubs

.iplt           0x00004cd0        0x0
 .iplt          0x00004cd0        0x0 ./utilities/fsl_assert.o

.rel.dyn        0x00004cd0        0x0
 .rel.iplt      0x00004cd0        0x0 ./utilities/fsl_assert.o

.m_usb_data
 *(SORT_BY_ALIGNMENT(m_usb_global))

.data_RAM2      0x04000000        0x0 load address 0x00004cd0
 FILL mask 0xff
                [!provide]                PROVIDE (__start_data_RAM2 = .)
                [!provide]                PROVIDE (__start_data_SRAMX = .)
 *(SORT_BY_ALIGNMENT(.ramfunc.$RAM2))
 *(SORT_BY_ALIGNMENT(.ramfunc.$SRAMX))
 *(SORT_BY_ALIGNMENT(.data.$RAM2))
 *(SORT_BY_ALIGNMENT(.data.$SRAMX))
 *(SORT_BY_ALIGNMENT(.data.$RAM2.*))
 *(SORT_BY_ALIGNMENT(.data.$SRAMX.*))
                0x04000000                . = ALIGN (0x4)
                [!provide]                PROVIDE (__end_data_RAM2 = .)
                [!provide]                PROVIDE (__end_data_SRAMX = .)

.data_RAM3      0x40100000        0x0 load address 0x00004cd0
 FILL mask 0xff
                [!provide]                PROVIDE (__start_data_RAM3 = .)
                [!provide]                PROVIDE (__start_data_USB_RAM = .)
 *(SORT_BY_ALIGNMENT(.ramfunc.$RAM3))
 *(SORT_BY_ALIGNMENT(.ramfunc.$USB_RAM))
 *(SORT_BY_ALIGNMENT(.data.$RAM3))
 *(SORT_BY_ALIGNMENT(.data.$USB_RAM))
 *(SORT_BY_ALIGNMENT(.data.$RAM3.*))
 *(SORT_BY_ALIGNMENT(.data.$USB_RAM.*))
                0x40100000                . = ALIGN (0x4)
                [!provide]                PROVIDE (__end_data_RAM3 = .)
                [!provide]                PROVIDE (__end_data_USB_RAM = .)

.data_RAM4      0x20040000        0x0 load address 0x00004cd0
 FILL mask 0xff
                [!provide]                PROVIDE (__start_data_RAM4 = .)
                [!provide]                PROVIDE (__start_data_SRAM4 = .)
 *(SORT_BY_ALIGNMENT(.ramfunc.$RAM4))
 *(SORT_BY_ALIGNMENT(.ramfunc.$SRAM4))
 *(SORT_BY_ALIGNMENT(.data.$RAM4))
 *(SORT_BY_ALIGNMENT(.data.$SRAM4))
 *(SORT_BY_ALIGNMENT(.data.$RAM4.*))
 *(SORT_BY_ALIGNMENT(.data.$SRAM4.*))
                0x20040000                . = ALIGN (0x4)
                [!provide]                PROVIDE (__end_data_RAM4 = .)
                [!provide]                PROVIDE (__end_data_SRAM4 = .)

.uninit_RESERVED
                0x20000000        0x0
                0x20000000                _start_uninit_RESERVED = .
 *(SORT_BY_ALIGNMENT(.bss.$RESERVED*))
                0x20000000                . = ALIGN (0x4)
                0x20000000                _end_uninit_RESERVED = .

.data           0x20000000        0xc load address 0x00004cd0
 FILL mask 0xff
                0x20000000                _data = .
                [!provide]                PROVIDE (__start_data_RAM = .)
                [!provide]                PROVIDE (__start_data_SRAM = .)
 *(SORT_BY_ALIGNMENT(vtable))
 *(SORT_BY_ALIGNMENT(.ramfunc*))
 *(SORT_BY_ALIGNMENT(CodeQuickAccess))
 *(SORT_BY_ALIGNMENT(DataQuickAccess))
 *(SORT_BY_ALIGNMENT(RamFunction))
 *(SORT_BY_ALIGNMENT(.data*))
 .data.ulCriticalNesting
                0x20000000        0x4 ./freertos/freertos-kernel/portable/GCC/ARM_CM33_NTZ/non_secure/port.o
 .data.uxTopUsedPriority
                0x20000004        0x4 ./freertos/freertos-kernel/tasks.o
                0x20000004                uxTopUsedPriority
 .data.SystemCoreClock
                0x20000008        0x4 ./device/system_LPC5528.o
                0x20000008                SystemCoreClock
                0x2000000c                . = ALIGN (0x4)
                0x2000000c                _edata = .
                [!provide]                PROVIDE (__end_data_RAM = .)
                [!provide]                PROVIDE (__end_data_SRAM = .)

.igot.plt       0x2000000c        0x0 load address 0x00004cdc
 .igot.plt      0x2000000c        0x0 ./utilities/fsl_assert.o

.bss_RAM2       0x04000000        0x0
                [!provide]                PROVIDE (__start_bss_RAM2 = .)
                [!provide]                PROVIDE (__start_bss_SRAMX = .)
 *(SORT_BY_ALIGNMENT(.bss.$RAM2))
 *(SORT_BY_ALIGNMENT(.bss.$SRAMX))
 *(SORT_BY_ALIGNMENT(.bss.$RAM2.*))
 *(SORT_BY_ALIGNMENT(.bss.$SRAMX.*))
                0x04000000                . = ALIGN ((. != 0x0)?0x4:0x1)
                [!provide]                PROVIDE (__end_bss_RAM2 = .)
                [!provide]                PROVIDE (__end_bss_SRAMX = .)

.bss_RAM3       0x40100000        0x0
                [!provide]                PROVIDE (__start_bss_RAM3 = .)
                [!provide]                PROVIDE (__start_bss_USB_RAM = .)
 *(SORT_BY_ALIGNMENT(.bss.$RAM3))
 *(SORT_BY_ALIGNMENT(.bss.$USB_RAM))
 *(SORT_BY_ALIGNMENT(.bss.$RAM3.*))
 *(SORT_BY_ALIGNMENT(.bss.$USB_RAM.*))
                0x40100000                . = ALIGN ((. != 0x0)?0x4:0x1)
                [!provide]                PROVIDE (__end_bss_RAM3 = .)
                [!provide]                PROVIDE (__end_bss_USB_RAM = .)

.bss_RAM4       0x20040000        0x0
                [!provide]                PROVIDE (__start_bss_RAM4 = .)
                [!provide]                PROVIDE (__start_bss_SRAM4 = .)
 *(SORT_BY_ALIGNMENT(.bss.$RAM4))
 *(SORT_BY_ALIGNMENT(.bss.$SRAM4))
 *(SORT_BY_ALIGNMENT(.bss.$RAM4.*))
 *(SORT_BY_ALIGNMENT(.bss.$SRAM4.*))
                0x20040000                . = ALIGN ((. != 0x0)?0x4:0x1)
                [!provide]                PROVIDE (__end_bss_RAM4 = .)
                [!provide]                PROVIDE (__end_bss_SRAM4 = .)

.bss            0x2000000c     0x2aa4
                0x2000000c                _bss = .
                [!provide]                PROVIDE (__start_bss_RAM = .)
                [!provide]                PROVIDE (__start_bss_SRAM = .)
 *(SORT_BY_ALIGNMENT(.bss*))
 .bss.ucHeap    0x2000000c     0x2800 ./freertos/freertos-kernel/portable/MemMang/heap_4.o
 .bss.xStart    0x2000280c        0x8 ./freertos/freertos-kernel/portable/MemMang/heap_4.o
 .bss.pxEnd     0x20002814        0x4 ./freertos/freertos-kernel/portable/MemMang/heap_4.o
 .bss.xFreeBytesRemaining
                0x20002818        0x4 ./freertos/freertos-kernel/portable/MemMang/heap_4.o
 .bss.xMinimumEverFreeBytesRemaining
                0x2000281c        0x4 ./freertos/freertos-kernel/portable/MemMang/heap_4.o
 .bss.xNumberOfSuccessfulAllocations
                0x20002820        0x4 ./freertos/freertos-kernel/portable/MemMang/heap_4.o
 .bss.xNumberOfSuccessfulFrees
                0x20002824        0x4 ./freertos/freertos-kernel/portable/MemMang/heap_4.o
 .bss.xQueueRegistry
                0x20002828       0x40 ./freertos/freertos-kernel/queue.o
                0x20002828                xQueueRegistry
 .bss.pxCurrentTCB
                0x20002868        0x4 ./freertos/freertos-kernel/tasks.o
                0x20002868                pxCurrentTCB
 .bss.pxReadyTasksLists
                0x2000286c       0x64 ./freertos/freertos-kernel/tasks.o
 .bss.xDelayedTaskList1
                0x200028d0       0x14 ./freertos/freertos-kernel/tasks.o
 .bss.xDelayedTaskList2
                0x200028e4       0x14 ./freertos/freertos-kernel/tasks.o
 .bss.pxDelayedTaskList
                0x200028f8        0x4 ./freertos/freertos-kernel/tasks.o
 .bss.pxOverflowDelayedTaskList
                0x200028fc        0x4 ./freertos/freertos-kernel/tasks.o
 .bss.xPendingReadyList
                0x20002900       0x14 ./freertos/freertos-kernel/tasks.o
 .bss.xTasksWaitingTermination
                0x20002914       0x14 ./freertos/freertos-kernel/tasks.o
 .bss.uxDeletedTasksWaitingCleanUp
                0x20002928        0x4 ./freertos/freertos-kernel/tasks.o
 .bss.xSuspendedTaskList
                0x2000292c       0x14 ./freertos/freertos-kernel/tasks.o
 .bss.uxCurrentNumberOfTasks
                0x20002940        0x4 ./freertos/freertos-kernel/tasks.o
 .bss.xTickCount
                0x20002944        0x4 ./freertos/freertos-kernel/tasks.o
 .bss.uxTopReadyPriority
                0x20002948        0x4 ./freertos/freertos-kernel/tasks.o
 .bss.xSchedulerRunning
                0x2000294c        0x4 ./freertos/freertos-kernel/tasks.o
 .bss.xPendedTicks
                0x20002950        0x4 ./freertos/freertos-kernel/tasks.o
 .bss.xYieldPending
                0x20002954        0x4 ./freertos/freertos-kernel/tasks.o
 .bss.xNumOfOverflows
                0x20002958        0x4 ./freertos/freertos-kernel/tasks.o
 .bss.uxTaskNumber
                0x2000295c        0x4 ./freertos/freertos-kernel/tasks.o
 .bss.xNextTaskUnblockTime
                0x20002960        0x4 ./freertos/freertos-kernel/tasks.o
 .bss.xIdleTaskHandle
                0x20002964        0x4 ./freertos/freertos-kernel/tasks.o
 .bss.uxSchedulerSuspended
                0x20002968        0x4 ./freertos/freertos-kernel/tasks.o
 .bss.xActiveTimerList1
                0x2000296c       0x14 ./freertos/freertos-kernel/timers.o
 .bss.xActiveTimerList2
                0x20002980       0x14 ./freertos/freertos-kernel/timers.o
 .bss.pxCurrentTimerList
                0x20002994        0x4 ./freertos/freertos-kernel/timers.o
 .bss.pxOverflowTimerList
                0x20002998        0x4 ./freertos/freertos-kernel/timers.o
 .bss.xTimerQueue
                0x2000299c        0x4 ./freertos/freertos-kernel/timers.o
 .bss.xTimerTaskHandle
                0x200029a0        0x4 ./freertos/freertos-kernel/timers.o
 .bss.xLastTime.0
                0x200029a4        0x4 ./freertos/freertos-kernel/timers.o
 .bss.s_flexcommIrqHandler
                0x200029a8       0x24 ./drivers/fsl_flexcomm.o
 .bss.s_flexcommHandle
                0x200029cc       0x24 ./drivers/fsl_flexcomm.o
 .bss.errno     0x200029f0        0x4 c:/nxp/mcuxpressoide_11.6.1_8255/ide/plugins/com.nxp.mcuxpresso.tools.win32_11.6.1.202207200623/tools/bin/../lib/gcc/arm-none-eabi/10.3.1/../../../../arm-none-eabi/lib/thumb/v8-m.main+fp/hard\libcr_c.a(errno.o)
                0x200029f0                errno
 .bss.__end_of_heap
                0x200029f4        0x4 c:/nxp/mcuxpressoide_11.6.1_8255/ide/plugins/com.nxp.mcuxpresso.tools.win32_11.6.1.202207200623/tools/bin/../lib/gcc/arm-none-eabi/10.3.1/../../../../arm-none-eabi/lib/thumb/v8-m.main+fp/hard\libcr_c.a(__init_alloc.o)
                0x200029f4                __end_of_heap
 .bss.__heaps   0x200029f8        0x4 c:/nxp/mcuxpressoide_11.6.1_8255/ide/plugins/com.nxp.mcuxpresso.tools.win32_11.6.1.202207200623/tools/bin/../lib/gcc/arm-none-eabi/10.3.1/../../../../arm-none-eabi/lib/thumb/v8-m.main+fp/hard\libcr_c.a(__init_alloc.o)
                0x200029f8                __heaps
 .bss.__Ciob    0x200029fc       0xb4 c:/nxp/mcuxpressoide_11.6.1_8255/ide/plugins/com.nxp.mcuxpresso.tools.win32_11.6.1.202207200623/tools/bin/../lib/gcc/arm-none-eabi/10.3.1/../../../../arm-none-eabi/lib/thumb/v8-m.main+fp/hard\libcr_nohost_nf.a(__ciob.o)
                0x200029fc                __Ciob
 *(SORT_BY_ALIGNMENT(COMMON))
                0x20002ab0                . = ALIGN (0x4)
                0x20002ab0                _ebss = .
                [!provide]                PROVIDE (__end_bss_RAM = .)
                [!provide]                PROVIDE (__end_bss_SRAM = .)
                [!provide]                PROVIDE (end = .)

.noinit_RAM2    0x04000000        0x0
                [!provide]                PROVIDE (__start_noinit_RAM2 = .)
                [!provide]                PROVIDE (__start_noinit_SRAMX = .)
 *(SORT_BY_ALIGNMENT(.noinit.$RAM2))
 *(SORT_BY_ALIGNMENT(.noinit.$SRAMX))
 *(SORT_BY_ALIGNMENT(.noinit.$RAM2.*))
 *(SORT_BY_ALIGNMENT(.noinit.$SRAMX.*))
                0x04000000                . = ALIGN (0x4)
                [!provide]                PROVIDE (__end_noinit_RAM2 = .)
                [!provide]                PROVIDE (__end_noinit_SRAMX = .)

.noinit_RAM3    0x40100000        0x0
                [!provide]                PROVIDE (__start_noinit_RAM3 = .)
                [!provide]                PROVIDE (__start_noinit_USB_RAM = .)
 *(SORT_BY_ALIGNMENT(.noinit.$RAM3))
 *(SORT_BY_ALIGNMENT(.noinit.$USB_RAM))
 *(SORT_BY_ALIGNMENT(.noinit.$RAM3.*))
 *(SORT_BY_ALIGNMENT(.noinit.$USB_RAM.*))
                0x40100000                . = ALIGN (0x4)
                [!provide]                PROVIDE (__end_noinit_RAM3 = .)
                [!provide]                PROVIDE (__end_noinit_USB_RAM = .)

.noinit_RAM4    0x20040000        0x0
                [!provide]                PROVIDE (__start_noinit_RAM4 = .)
                [!provide]                PROVIDE (__start_noinit_SRAM4 = .)
 *(SORT_BY_ALIGNMENT(.noinit.$RAM4))
 *(SORT_BY_ALIGNMENT(.noinit.$SRAM4))
 *(SORT_BY_ALIGNMENT(.noinit.$RAM4.*))
 *(SORT_BY_ALIGNMENT(.noinit.$SRAM4.*))
                0x20040000                . = ALIGN (0x4)
                [!provide]                PROVIDE (__end_noinit_RAM4 = .)
                [!provide]                PROVIDE (__end_noinit_SRAM4 = .)

.noinit         0x20002ab0        0x0
                0x20002ab0                _noinit = .
                [!provide]                PROVIDE (__start_noinit_RAM = .)
                [!provide]                PROVIDE (__start_noinit_SRAM = .)
 *(SORT_BY_ALIGNMENT(.noinit*))
                0x20002ab0                . = ALIGN (0x4)
                0x20002ab0                _end_noinit = .
                [!provide]                PROVIDE (__end_noinit_RAM = .)
                [!provide]                PROVIDE (__end_noinit_SRAM = .)

.ARM.extab
 *(SORT_BY_ALIGNMENT(.ARM.extab*) SORT_BY_ALIGNMENT(.gnu.linkonce.armextab.*))

.ARM.exidx      0x00004cdc        0x0
                0x00004cdc                __exidx_start = .
 *(SORT_BY_ALIGNMENT(.ARM.exidx*) SORT_BY_ALIGNMENT(.gnu.linkonce.armexidx.*))
                0x00004cdc                __exidx_end = .
                0x00001000                _HeapSize = 0x1000

.heap           0x20002ab0     0x1000
                0x20002ab0                _pvHeapStart = .
                0x20003ab0                . = (. + _HeapSize)
 *fill*         0x20002ab0     0x1000 
                0x20003ab0                . = ALIGN (0x4)
                0x20003ab0                _pvHeapLimit = .
                0x00001000                _StackSize = 0x1000

.heap2stackfill
                0x20003ab0     0x1000
                0x20004ab0                . = (. + _StackSize)
 *fill*         0x20003ab0     0x1000 

.stack          0x2002f000        0x0
                0x2002f000                _vStackBase = .
                0x2002f000                . = ALIGN (0x4)
                0x20030000                _vStackTop = (. + _StackSize)
                [!provide]                PROVIDE (__valid_user_code_checksum = (0x0 - ((((((_vStackTop + (ResetISR + 0x1)) + (NMI_Handler + 0x1)) + (HardFault_Handler + 0x1)) + (DEFINED (MemManage_Handler)?MemManage_Handler:0x0 + 0x1)) + (DEFINED (BusFault_Handler)?BusFault_Handler:0x0 + 0x1)) + (DEFINED (UsageFault_Handler)?UsageFault_Handler:0x0 + 0x1))))
                0x00000000                _image_start = LOADADDR (.text)
                0x00004cdc                _image_end = (LOADADDR (.data) + SIZEOF (.data))
                0x00004cdc                _image_size = (_image_end - _image_start)
OUTPUT(ES-1023.axf elf32-littlearm)
LOAD linker stubs

.debug_info     0x00000000    0x13f4d
 .debug_info    0x00000000       0xb1 ./utilities/fsl_assert.o
 .debug_info    0x000000b1      0x707 ./startup/startup_lpc5528.o
 .debug_info    0x000007b8     0x1587 ./source/ES-1023.o
 .debug_info    0x00001d3f       0x3c ./source/semihost_hardfault.o
 .debug_info    0x00001d7b      0x463 ./freertos/freertos-kernel/portable/MemMang/heap_4.o
 .debug_info    0x000021de      0x2af ./freertos/freertos-kernel/portable/GCC/ARM_CM33_NTZ/non_secure/port.o
 .debug_info    0x0000248d      0x14d ./freertos/freertos-kernel/portable/GCC/ARM_CM33_NTZ/non_secure/portasm.o
 .debug_info    0x000025da      0x2be ./freertos/freertos-kernel/list.o
 .debug_info    0x00002898     0x1180 ./freertos/freertos-kernel/queue.o
 .debug_info    0x00003a18     0x1e01 ./freertos/freertos-kernel/tasks.o
 .debug_info    0x00005819      0xc96 ./freertos/freertos-kernel/timers.o
 .debug_info    0x000064af     0x3303 ./drivers/fsl_clock.o
 .debug_info    0x000097b2     0x1ac3 ./drivers/fsl_flexcomm.o
 .debug_info    0x0000b275     0x1750 ./drivers/fsl_gpio.o
 .debug_info    0x0000c9c5     0x2a20 ./drivers/fsl_power.o
 .debug_info    0x0000f3e5      0xe9d ./drivers/fsl_reset.o
 .debug_info    0x00010282     0x1478 ./device/system_LPC5528.o
 .debug_info    0x000116fa       0x82 ./board/board.o
 .debug_info    0x0001177c     0x169b ./board/clock_config.o
 .debug_info    0x00012e17       0x3c ./board/peripherals.o
 .debug_info    0x00012e53     0x10fa ./board/pin_mux.o

.debug_abbrev   0x00000000     0x228d
 .debug_abbrev  0x00000000       0x66 ./utilities/fsl_assert.o
 .debug_abbrev  0x00000066      0x165 ./startup/startup_lpc5528.o
 .debug_abbrev  0x000001cb      0x255 ./source/ES-1023.o
 .debug_abbrev  0x00000420       0x31 ./source/semihost_hardfault.o
 .debug_abbrev  0x00000451      0x193 ./freertos/freertos-kernel/portable/MemMang/heap_4.o
 .debug_abbrev  0x000005e4      0x13c ./freertos/freertos-kernel/portable/GCC/ARM_CM33_NTZ/non_secure/port.o
 .debug_abbrev  0x00000720       0xb9 ./freertos/freertos-kernel/portable/GCC/ARM_CM33_NTZ/non_secure/portasm.o
 .debug_abbrev  0x000007d9       0xf2 ./freertos/freertos-kernel/list.o
 .debug_abbrev  0x000008cb      0x207 ./freertos/freertos-kernel/queue.o
 .debug_abbrev  0x00000ad2      0x27e ./freertos/freertos-kernel/tasks.o
 .debug_abbrev  0x00000d50      0x216 ./freertos/freertos-kernel/timers.o
 .debug_abbrev  0x00000f66      0x374 ./drivers/fsl_clock.o
 .debug_abbrev  0x000012da      0x2c0 ./drivers/fsl_flexcomm.o
 .debug_abbrev  0x0000159a      0x210 ./drivers/fsl_gpio.o
 .debug_abbrev  0x000017aa      0x335 ./drivers/fsl_power.o
 .debug_abbrev  0x00001adf      0x15a ./drivers/fsl_reset.o
 .debug_abbrev  0x00001c39      0x216 ./device/system_LPC5528.o
 .debug_abbrev  0x00001e4f       0x47 ./board/board.o
 .debug_abbrev  0x00001e96      0x1ea ./board/clock_config.o
 .debug_abbrev  0x00002080       0x31 ./board/peripherals.o
 .debug_abbrev  0x000020b1      0x1dc ./board/pin_mux.o

.debug_aranges  0x00000000      0xdd0
 .debug_aranges
                0x00000000       0x20 ./utilities/fsl_assert.o
 .debug_aranges
                0x00000020      0x268 ./startup/startup_lpc5528.o
 .debug_aranges
                0x00000288       0x58 ./source/ES-1023.o
 .debug_aranges
                0x000002e0       0x20 ./source/semihost_hardfault.o
 .debug_aranges
                0x00000300       0x60 ./freertos/freertos-kernel/portable/MemMang/heap_4.o
 .debug_aranges
                0x00000360       0x70 ./freertos/freertos-kernel/portable/GCC/ARM_CM33_NTZ/non_secure/port.o
 .debug_aranges
                0x000003d0       0x60 ./freertos/freertos-kernel/portable/GCC/ARM_CM33_NTZ/non_secure/portasm.o
 .debug_aranges
                0x00000430       0x40 ./freertos/freertos-kernel/list.o
 .debug_aranges
                0x00000470      0x130 ./freertos/freertos-kernel/queue.o
 .debug_aranges
                0x000005a0      0x208 ./freertos/freertos-kernel/tasks.o
 .debug_aranges
                0x000007a8       0xf8 ./freertos/freertos-kernel/timers.o
 .debug_aranges
                0x000008a0      0x228 ./drivers/fsl_clock.o
 .debug_aranges
                0x00000ac8       0x90 ./drivers/fsl_flexcomm.o
 .debug_aranges
                0x00000b58       0x38 ./drivers/fsl_gpio.o
 .debug_aranges
                0x00000b90       0xc8 ./drivers/fsl_power.o
 .debug_aranges
                0x00000c58       0x30 ./drivers/fsl_reset.o
 .debug_aranges
                0x00000c88       0x88 ./device/system_LPC5528.o
 .debug_aranges
                0x00000d10       0x20 ./board/board.o
 .debug_aranges
                0x00000d30       0x50 ./board/clock_config.o
 .debug_aranges
                0x00000d80       0x20 ./board/peripherals.o
 .debug_aranges
                0x00000da0       0x30 ./board/pin_mux.o

.debug_ranges   0x00000000      0xc80
 .debug_ranges  0x00000000       0x10 ./utilities/fsl_assert.o
 .debug_ranges  0x00000010      0x258 ./startup/startup_lpc5528.o
 .debug_ranges  0x00000268       0x48 ./source/ES-1023.o
 .debug_ranges  0x000002b0       0x10 ./source/semihost_hardfault.o
 .debug_ranges  0x000002c0       0x50 ./freertos/freertos-kernel/portable/MemMang/heap_4.o
 .debug_ranges  0x00000310       0x60 ./freertos/freertos-kernel/portable/GCC/ARM_CM33_NTZ/non_secure/port.o
 .debug_ranges  0x00000370       0x50 ./freertos/freertos-kernel/portable/GCC/ARM_CM33_NTZ/non_secure/portasm.o
 .debug_ranges  0x000003c0       0x30 ./freertos/freertos-kernel/list.o
 .debug_ranges  0x000003f0      0x120 ./freertos/freertos-kernel/queue.o
 .debug_ranges  0x00000510      0x1f8 ./freertos/freertos-kernel/tasks.o
 .debug_ranges  0x00000708       0xe8 ./freertos/freertos-kernel/timers.o
 .debug_ranges  0x000007f0      0x218 ./drivers/fsl_clock.o
 .debug_ranges  0x00000a08       0x80 ./drivers/fsl_flexcomm.o
 .debug_ranges  0x00000a88       0x28 ./drivers/fsl_gpio.o
 .debug_ranges  0x00000ab0       0xb8 ./drivers/fsl_power.o
 .debug_ranges  0x00000b68       0x20 ./drivers/fsl_reset.o
 .debug_ranges  0x00000b88       0x78 ./device/system_LPC5528.o
 .debug_ranges  0x00000c00       0x10 ./board/board.o
 .debug_ranges  0x00000c10       0x40 ./board/clock_config.o
 .debug_ranges  0x00000c50       0x10 ./board/peripherals.o
 .debug_ranges  0x00000c60       0x20 ./board/pin_mux.o

.debug_macro    0x00000000    0x1646f
 .debug_macro   0x00000000      0x1ea ./utilities/fsl_assert.o
 .debug_macro   0x000001ea      0xaba ./utilities/fsl_assert.o
 .debug_macro   0x00000ca4       0x10 ./utilities/fsl_assert.o
 .debug_macro   0x00000cb4       0x1c ./utilities/fsl_assert.o
 .debug_macro   0x00000cd0       0x22 ./utilities/fsl_assert.o
 .debug_macro   0x00000cf2      0x12e ./utilities/fsl_assert.o
 .debug_macro   0x00000e20      0x5b3 ./utilities/fsl_assert.o
 .debug_macro   0x000013d3       0x22 ./utilities/fsl_assert.o
 .debug_macro   0x000013f5       0x10 ./utilities/fsl_assert.o
 .debug_macro   0x00001405       0x46 ./utilities/fsl_assert.o
 .debug_macro   0x0000144b       0x1c ./utilities/fsl_assert.o
 .debug_macro   0x00001467       0x29 ./utilities/fsl_assert.o
 .debug_macro   0x00001490       0xfb ./utilities/fsl_assert.o
 .debug_macro   0x0000158b     0x167e ./utilities/fsl_assert.o
 .debug_macro   0x00002c09       0x5e ./utilities/fsl_assert.o
 .debug_macro   0x00002c67       0x2e ./utilities/fsl_assert.o
 .debug_macro   0x00002c95    0x100e6 ./utilities/fsl_assert.o
 .debug_macro   0x00012d7b      0x40b ./utilities/fsl_assert.o
 .debug_macro   0x00013186       0x7a ./utilities/fsl_assert.o
 .debug_macro   0x00013200       0xa8 ./utilities/fsl_assert.o
 .debug_macro   0x000132a8      0x2ca ./utilities/fsl_assert.o
 .debug_macro   0x00013572       0x16 ./utilities/fsl_assert.o
 .debug_macro   0x00013588       0xee ./utilities/fsl_assert.o
 .debug_macro   0x00013676       0x70 ./utilities/fsl_assert.o
 .debug_macro   0x000136e6      0x1c1 ./utilities/fsl_assert.o
 .debug_macro   0x000138a7      0x15a ./utilities/fsl_assert.o
 .debug_macro   0x00013a01      0x1a5 ./utilities/fsl_assert.o
 .debug_macro   0x00013ba6       0x1c ./utilities/fsl_assert.o
 .debug_macro   0x00013bc2       0x16 ./utilities/fsl_assert.o
 .debug_macro   0x00013bd8       0x1f ./utilities/fsl_assert.o
 .debug_macro   0x00013bf7       0x12 ./utilities/fsl_assert.o
 .debug_macro   0x00013c09      0x471 ./utilities/fsl_assert.o
 .debug_macro   0x0001407a       0x40 ./utilities/fsl_assert.o
 .debug_macro   0x000140ba       0x16 ./utilities/fsl_assert.o
 .debug_macro   0x000140d0       0x6d ./utilities/fsl_assert.o
 .debug_macro   0x0001413d       0x16 ./utilities/fsl_assert.o
 .debug_macro   0x00014153       0xd2 ./utilities/fsl_assert.o
 .debug_macro   0x00014225       0x1c ./utilities/fsl_assert.o
 .debug_macro   0x00014241       0x29 ./startup/startup_lpc5528.o
 .debug_macro   0x0001426a      0x244 ./source/ES-1023.o
 .debug_macro   0x000144ae       0xd8 ./source/ES-1023.o
 .debug_macro   0x00014586       0x10 ./source/ES-1023.o
 .debug_macro   0x00014596       0x3a ./source/ES-1023.o
 .debug_macro   0x000145d0       0x2f ./source/ES-1023.o
 .debug_macro   0x000145ff       0x2e ./source/ES-1023.o
 .debug_macro   0x0001462d       0x10 ./source/ES-1023.o
 .debug_macro   0x0001463d      0x304 ./source/ES-1023.o
 .debug_macro   0x00014941       0x11 ./source/semihost_hardfault.o
 .debug_macro   0x00014952      0x137 ./freertos/freertos-kernel/portable/MemMang/heap_4.o
 .debug_macro   0x00014a89      0x2e0 ./freertos/freertos-kernel/portable/GCC/ARM_CM33_NTZ/non_secure/port.o
 .debug_macro   0x00014d69       0x16 ./freertos/freertos-kernel/portable/GCC/ARM_CM33_NTZ/non_secure/port.o
 .debug_macro   0x00014d7f       0xc9 ./freertos/freertos-kernel/portable/GCC/ARM_CM33_NTZ/non_secure/portasm.o
 .debug_macro   0x00014e48       0xd8 ./freertos/freertos-kernel/list.o
 .debug_macro   0x00014f20      0x14d ./freertos/freertos-kernel/queue.o
 .debug_macro   0x0001506d      0x1a2 ./freertos/freertos-kernel/tasks.o
 .debug_macro   0x0001520f       0x17 ./freertos/freertos-kernel/tasks.o
 .debug_macro   0x00015226      0x127 ./freertos/freertos-kernel/timers.o
 .debug_macro   0x0001534d       0x97 ./freertos/freertos-kernel/timers.o
 .debug_macro   0x000153e4      0x1db ./drivers/fsl_clock.o
 .debug_macro   0x000155bf      0x145 ./drivers/fsl_flexcomm.o
 .debug_macro   0x00015704       0x10 ./drivers/fsl_flexcomm.o
 .debug_macro   0x00015714      0x14c ./drivers/fsl_gpio.o
 .debug_macro   0x00015860      0x410 ./drivers/fsl_power.o
 .debug_macro   0x00015c70      0x13c ./drivers/fsl_reset.o
 .debug_macro   0x00015dac       0xc1 ./device/system_LPC5528.o
 .debug_macro   0x00015e6d       0x45 ./board/board.o
 .debug_macro   0x00015eb2      0x15c ./board/clock_config.o
 .debug_macro   0x0001600e      0x2fe ./board/clock_config.o
 .debug_macro   0x0001630c       0x1b ./board/peripherals.o
 .debug_macro   0x00016327      0x148 ./board/pin_mux.o

.debug_line     0x00000000     0x9c1c
 .debug_line    0x00000000      0x58a ./utilities/fsl_assert.o
 .debug_line    0x0000058a      0x6a5 ./startup/startup_lpc5528.o
 .debug_line    0x00000c2f      0x761 ./source/ES-1023.o
 .debug_line    0x00001390       0x59 ./source/semihost_hardfault.o
 .debug_line    0x000013e9      0x644 ./freertos/freertos-kernel/portable/MemMang/heap_4.o
 .debug_line    0x00001a2d      0x559 ./freertos/freertos-kernel/portable/GCC/ARM_CM33_NTZ/non_secure/port.o
 .debug_line    0x00001f86      0x40c ./freertos/freertos-kernel/portable/GCC/ARM_CM33_NTZ/non_secure/portasm.o
 .debug_line    0x00002392      0x41a ./freertos/freertos-kernel/list.o
 .debug_line    0x000027ac     0x107a ./freertos/freertos-kernel/queue.o
 .debug_line    0x00003826     0x1857 ./freertos/freertos-kernel/tasks.o
 .debug_line    0x0000507d      0x8f6 ./freertos/freertos-kernel/timers.o
 .debug_line    0x00005973     0x171e ./drivers/fsl_clock.o
 .debug_line    0x00007091      0x5d7 ./drivers/fsl_flexcomm.o
 .debug_line    0x00007668      0x3a1 ./drivers/fsl_gpio.o
 .debug_line    0x00007a09      0xe48 ./drivers/fsl_power.o
 .debug_line    0x00008851      0x38e ./drivers/fsl_reset.o
 .debug_line    0x00008bdf      0x66a ./device/system_LPC5528.o
 .debug_line    0x00009249      0x17e ./board/board.o
 .debug_line    0x000093c7      0x458 ./board/clock_config.o
 .debug_line    0x0000981f       0x5a ./board/peripherals.o
 .debug_line    0x00009879      0x3a3 ./board/pin_mux.o

.debug_str      0x00000000    0xbbbbc
 .debug_str     0x00000000    0xac3fb ./utilities/fsl_assert.o
                              0xac49e (size before relaxing)
 .debug_str     0x000ac3fb      0x6a6 ./startup/startup_lpc5528.o
                               0x34a6 (size before relaxing)
 .debug_str     0x000acaa1     0x4460 ./source/ES-1023.o
                              0xb0910 (size before relaxing)
 .debug_str     0x000b0f01       0x1f ./source/semihost_hardfault.o
                               0x2de9 (size before relaxing)
 .debug_str     0x000b0f20      0x64b ./freertos/freertos-kernel/portable/MemMang/heap_4.o
                               0x9f60 (size before relaxing)
 .debug_str     0x000b156b      0xf35 ./freertos/freertos-kernel/portable/GCC/ARM_CM33_NTZ/non_secure/port.o
                               0xa843 (size before relaxing)
 .debug_str     0x000b24a0       0xd2 ./freertos/freertos-kernel/portable/GCC/ARM_CM33_NTZ/non_secure/portasm.o
                               0x7c68 (size before relaxing)
 .debug_str     0x000b2572      0x12e ./freertos/freertos-kernel/list.o
                               0x8814 (size before relaxing)
 .debug_str     0x000b26a0     0x11e4 ./freertos/freertos-kernel/queue.o
                               0xac64 (size before relaxing)
 .debug_str     0x000b3884     0x1be6 ./freertos/freertos-kernel/tasks.o
                               0xb76b (size before relaxing)
 .debug_str     0x000b546a      0x610 ./freertos/freertos-kernel/timers.o
                               0xafb2 (size before relaxing)
 .debug_str     0x000b5a7a     0x2e4e ./drivers/fsl_clock.o
                              0xacf4c (size before relaxing)
 .debug_str     0x000b88c8      0xd8b ./drivers/fsl_flexcomm.o
                              0xaa605 (size before relaxing)
 .debug_str     0x000b9653       0x90 ./drivers/fsl_gpio.o
                              0xa9f6f (size before relaxing)
 .debug_str     0x000b96e3     0x21ce ./drivers/fsl_power.o
                              0xad44f (size before relaxing)
 .debug_str     0x000bb8b1       0xae ./drivers/fsl_reset.o
                              0xa8ef5 (size before relaxing)
 .debug_str     0x000bb95f      0x113 ./device/system_LPC5528.o
                              0xa6257 (size before relaxing)
 .debug_str     0x000bba72       0x28 ./board/board.o
                               0x44c0 (size before relaxing)
 .debug_str     0x000bba9a       0xac ./board/clock_config.o
                              0xaaee2 (size before relaxing)
 .debug_str     0x000bbb46       0x31 ./board/peripherals.o
                               0x2dfa (size before relaxing)
 .debug_str     0x000bbb77       0x45 ./board/pin_mux.o
                              0xa8fff (size before relaxing)

.comment        0x00000000       0x49
 .comment       0x00000000       0x49 ./utilities/fsl_assert.o
                                 0x4a (size before relaxing)
 .comment       0x00000049       0x4a ./startup/startup_lpc5528.o
 .comment       0x00000049       0x4a ./source/ES-1023.o
 .comment       0x00000049       0x4a ./source/semihost_hardfault.o
 .comment       0x00000049       0x4a ./freertos/freertos-kernel/portable/MemMang/heap_4.o
 .comment       0x00000049       0x4a ./freertos/freertos-kernel/portable/GCC/ARM_CM33_NTZ/non_secure/port.o
 .comment       0x00000049       0x4a ./freertos/freertos-kernel/portable/GCC/ARM_CM33_NTZ/non_secure/portasm.o
 .comment       0x00000049       0x4a ./freertos/freertos-kernel/list.o
 .comment       0x00000049       0x4a ./freertos/freertos-kernel/queue.o
 .comment       0x00000049       0x4a ./freertos/freertos-kernel/tasks.o
 .comment       0x00000049       0x4a ./freertos/freertos-kernel/timers.o
 .comment       0x00000049       0x4a ./drivers/fsl_clock.o
 .comment       0x00000049       0x4a ./drivers/fsl_flexcomm.o
 .comment       0x00000049       0x4a ./drivers/fsl_gpio.o
 .comment       0x00000049       0x4a ./drivers/fsl_power.o
 .comment       0x00000049       0x4a ./drivers/fsl_reset.o
 .comment       0x00000049       0x4a ./device/system_LPC5528.o
 .comment       0x00000049       0x4a ./board/board.o
 .comment       0x00000049       0x4a ./board/clock_config.o
 .comment       0x00000049       0x4a ./board/peripherals.o
 .comment       0x00000049       0x4a ./board/pin_mux.o
 .comment       0x00000049       0x4a c:/nxp/mcuxpressoide_11.6.1_8255/ide/plugins/com.nxp.mcuxpresso.tools.win32_11.6.1.202207200623/tools/bin/../lib/gcc/arm-none-eabi/10.3.1/../../../../arm-none-eabi/lib/thumb/v8-m.main+fp/hard\libcr_nohost_nf.a(_cr__main.o)
 .comment       0x00000049       0x4a c:/nxp/mcuxpressoide_11.6.1_8255/ide/plugins/com.nxp.mcuxpresso.tools.win32_11.6.1.202207200623/tools/bin/../lib/gcc/arm-none-eabi/10.3.1/../../../../arm-none-eabi/lib/thumb/v8-m.main+fp/hard\libcr_c.a(memcpy.o)
 .comment       0x00000049       0x4a c:/nxp/mcuxpressoide_11.6.1_8255/ide/plugins/com.nxp.mcuxpresso.tools.win32_11.6.1.202207200623/tools/bin/../lib/gcc/arm-none-eabi/10.3.1/../../../../arm-none-eabi/lib/thumb/v8-m.main+fp/hard\libcr_c.a(memset.o)
 .comment       0x00000049       0x4a c:/nxp/mcuxpressoide_11.6.1_8255/ide/plugins/com.nxp.mcuxpresso.tools.win32_11.6.1.202207200623/tools/bin/../lib/gcc/arm-none-eabi/10.3.1/../../../../arm-none-eabi/lib/thumb/v8-m.main+fp/hard\libcr_c.a(alloc.o)
 .comment       0x00000049       0x4a c:/nxp/mcuxpressoide_11.6.1_8255/ide/plugins/com.nxp.mcuxpresso.tools.win32_11.6.1.202207200623/tools/bin/../lib/gcc/arm-none-eabi/10.3.1/../../../../arm-none-eabi/lib/thumb/v8-m.main+fp/hard\libcr_c.a(errno.o)
 .comment       0x00000049       0x4a c:/nxp/mcuxpressoide_11.6.1_8255/ide/plugins/com.nxp.mcuxpresso.tools.win32_11.6.1.202207200623/tools/bin/../lib/gcc/arm-none-eabi/10.3.1/../../../../arm-none-eabi/lib/thumb/v8-m.main+fp/hard\libcr_c.a(initio.o)
 .comment       0x00000049       0x4a c:/nxp/mcuxpressoide_11.6.1_8255/ide/plugins/com.nxp.mcuxpresso.tools.win32_11.6.1.202207200623/tools/bin/../lib/gcc/arm-none-eabi/10.3.1/../../../../arm-none-eabi/lib/thumb/v8-m.main+fp/hard\libcr_c.a(printf.o)
 .comment       0x00000049       0x4a c:/nxp/mcuxpressoide_11.6.1_8255/ide/plugins/com.nxp.mcuxpresso.tools.win32_11.6.1.202207200623/tools/bin/../lib/gcc/arm-none-eabi/10.3.1/../../../../arm-none-eabi/lib/thumb/v8-m.main+fp/hard\libcr_c.a(setvbuf.o)
 .comment       0x00000049       0x4a c:/nxp/mcuxpressoide_11.6.1_8255/ide/plugins/com.nxp.mcuxpresso.tools.win32_11.6.1.202207200623/tools/bin/../lib/gcc/arm-none-eabi/10.3.1/../../../../arm-none-eabi/lib/thumb/v8-m.main+fp/hard\libcr_c.a(strlen.o)
 .comment       0x00000049       0x4a c:/nxp/mcuxpressoide_11.6.1_8255/ide/plugins/com.nxp.mcuxpresso.tools.win32_11.6.1.202207200623/tools/bin/../lib/gcc/arm-none-eabi/10.3.1/../../../../arm-none-eabi/lib/thumb/v8-m.main+fp/hard\libcr_c.a(__init_alloc.o)
 .comment       0x00000049       0x4a c:/nxp/mcuxpressoide_11.6.1_8255/ide/plugins/com.nxp.mcuxpresso.tools.win32_11.6.1.202207200623/tools/bin/../lib/gcc/arm-none-eabi/10.3.1/../../../../arm-none-eabi/lib/thumb/v8-m.main+fp/hard\libcr_c.a(_cr_sbrk.o)
 .comment       0x00000049       0x4a c:/nxp/mcuxpressoide_11.6.1_8255/ide/plugins/com.nxp.mcuxpresso.tools.win32_11.6.1.202207200623/tools/bin/../lib/gcc/arm-none-eabi/10.3.1/../../../../arm-none-eabi/lib/thumb/v8-m.main+fp/hard\libcr_c.a(_deferredlazyseek.o)
 .comment       0x00000049       0x4a c:/nxp/mcuxpressoide_11.6.1_8255/ide/plugins/com.nxp.mcuxpresso.tools.win32_11.6.1.202207200623/tools/bin/../lib/gcc/arm-none-eabi/10.3.1/../../../../arm-none-eabi/lib/thumb/v8-m.main+fp/hard\libcr_c.a(_fdopen.o)
 .comment       0x00000049       0x4a c:/nxp/mcuxpressoide_11.6.1_8255/ide/plugins/com.nxp.mcuxpresso.tools.win32_11.6.1.202207200623/tools/bin/../lib/gcc/arm-none-eabi/10.3.1/../../../../arm-none-eabi/lib/thumb/v8-m.main+fp/hard\libcr_c.a(_fflush.o)
 .comment       0x00000049       0x4a c:/nxp/mcuxpressoide_11.6.1_8255/ide/plugins/com.nxp.mcuxpresso.tools.win32_11.6.1.202207200623/tools/bin/../lib/gcc/arm-none-eabi/10.3.1/../../../../arm-none-eabi/lib/thumb/v8-m.main+fp/hard\libcr_c.a(_writebuf.o)
 .comment       0x00000049       0x4a c:/nxp/mcuxpressoide_11.6.1_8255/ide/plugins/com.nxp.mcuxpresso.tools.win32_11.6.1.202207200623/tools/bin/../lib/gcc/arm-none-eabi/10.3.1/../../../../arm-none-eabi/lib/thumb/v8-m.main+fp/hard\libcr_c.a(fclose.o)
 .comment       0x00000049       0x4a c:/nxp/mcuxpressoide_11.6.1_8255/ide/plugins/com.nxp.mcuxpresso.tools.win32_11.6.1.202207200623/tools/bin/../lib/gcc/arm-none-eabi/10.3.1/../../../../arm-none-eabi/lib/thumb/v8-m.main+fp/hard\libcr_c.a(fflush.o)
 .comment       0x00000049       0x4a c:/nxp/mcuxpressoide_11.6.1_8255/ide/plugins/com.nxp.mcuxpresso.tools.win32_11.6.1.202207200623/tools/bin/../lib/gcc/arm-none-eabi/10.3.1/../../../../arm-none-eabi/lib/thumb/v8-m.main+fp/hard\libcr_c.a(fseek.o)
 .comment       0x00000049       0x4a c:/nxp/mcuxpressoide_11.6.1_8255/ide/plugins/com.nxp.mcuxpresso.tools.win32_11.6.1.202207200623/tools/bin/../lib/gcc/arm-none-eabi/10.3.1/../../../../arm-none-eabi/lib/thumb/v8-m.main+fp/hard\libcr_c.a(ftell.o)
 .comment       0x00000049       0x4a c:/nxp/mcuxpressoide_11.6.1_8255/ide/plugins/com.nxp.mcuxpresso.tools.win32_11.6.1.202207200623/tools/bin/../lib/gcc/arm-none-eabi/10.3.1/../../../../arm-none-eabi/lib/thumb/v8-m.main+fp/hard\libcr_c.a(remove.o)
 .comment       0x00000049       0x4a c:/nxp/mcuxpressoide_11.6.1_8255/ide/plugins/com.nxp.mcuxpresso.tools.win32_11.6.1.202207200623/tools/bin/../lib/gcc/arm-none-eabi/10.3.1/../../../../arm-none-eabi/lib/thumb/v8-m.main+fp/hard\libcr_c.a(_cr_check_heap.o)
 .comment       0x00000049       0x4a c:/nxp/mcuxpressoide_11.6.1_8255/ide/plugins/com.nxp.mcuxpresso.tools.win32_11.6.1.202207200623/tools/bin/../lib/gcc/arm-none-eabi/10.3.1/../../../../arm-none-eabi/lib/thumb/v8-m.main+fp/hard\libcr_c.a(_do_fflush.o)
 .comment       0x00000049       0x4a c:/nxp/mcuxpressoide_11.6.1_8255/ide/plugins/com.nxp.mcuxpresso.tools.win32_11.6.1.202207200623/tools/bin/../lib/gcc/arm-none-eabi/10.3.1/../../../../arm-none-eabi/lib/thumb/v8-m.main+fp/hard\libcr_nohost_nf.a(__ciob.o)
 .comment       0x00000049       0x4a c:/nxp/mcuxpressoide_11.6.1_8255/ide/plugins/com.nxp.mcuxpresso.tools.win32_11.6.1.202207200623/tools/bin/../lib/gcc/arm-none-eabi/10.3.1/../../../../arm-none-eabi/lib/thumb/v8-m.main+fp/hard\libcr_nohost_nf.a(__sys_appexit.o)
 .comment       0x00000049       0x4a c:/nxp/mcuxpressoide_11.6.1_8255/ide/plugins/com.nxp.mcuxpresso.tools.win32_11.6.1.202207200623/tools/bin/../lib/gcc/arm-none-eabi/10.3.1/../../../../arm-none-eabi/lib/thumb/v8-m.main+fp/hard\libcr_nohost_nf.a(__sys_close.o)
 .comment       0x00000049       0x4a c:/nxp/mcuxpressoide_11.6.1_8255/ide/plugins/com.nxp.mcuxpresso.tools.win32_11.6.1.202207200623/tools/bin/../lib/gcc/arm-none-eabi/10.3.1/../../../../arm-none-eabi/lib/thumb/v8-m.main+fp/hard\libcr_nohost_nf.a(__sys_flen.o)
 .comment       0x00000049       0x4a c:/nxp/mcuxpressoide_11.6.1_8255/ide/plugins/com.nxp.mcuxpresso.tools.win32_11.6.1.202207200623/tools/bin/../lib/gcc/arm-none-eabi/10.3.1/../../../../arm-none-eabi/lib/thumb/v8-m.main+fp/hard\libcr_nohost_nf.a(__sys_istty.o)
 .comment       0x00000049       0x4a c:/nxp/mcuxpressoide_11.6.1_8255/ide/plugins/com.nxp.mcuxpresso.tools.win32_11.6.1.202207200623/tools/bin/../lib/gcc/arm-none-eabi/10.3.1/../../../../arm-none-eabi/lib/thumb/v8-m.main+fp/hard\libcr_nohost_nf.a(__sys_remove.o)
 .comment       0x00000049       0x4a c:/nxp/mcuxpressoide_11.6.1_8255/ide/plugins/com.nxp.mcuxpresso.tools.win32_11.6.1.202207200623/tools/bin/../lib/gcc/arm-none-eabi/10.3.1/../../../../arm-none-eabi/lib/thumb/v8-m.main+fp/hard\libcr_nohost_nf.a(__sys_seek.o)
 .comment       0x00000049       0x4a c:/nxp/mcuxpressoide_11.6.1_8255/ide/plugins/com.nxp.mcuxpresso.tools.win32_11.6.1.202207200623/tools/bin/../lib/gcc/arm-none-eabi/10.3.1/../../../../arm-none-eabi/lib/thumb/v8-m.main+fp/hard\libcr_nohost_nf.a(__sys_tmpnam.o)
 .comment       0x00000049       0x4a c:/nxp/mcuxpressoide_11.6.1_8255/ide/plugins/com.nxp.mcuxpresso.tools.win32_11.6.1.202207200623/tools/bin/../lib/gcc/arm-none-eabi/10.3.1/../../../../arm-none-eabi/lib/thumb/v8-m.main+fp/hard\libcr_nohost_nf.a(__sys_write.o)

.ARM.attributes
                0x00000000       0x38
 .ARM.attributes
                0x00000000       0x3a ./utilities/fsl_assert.o
 .ARM.attributes
                0x0000003a       0x3a ./startup/startup_lpc5528.o
 .ARM.attributes
                0x00000074       0x3a ./source/ES-1023.o
 .ARM.attributes
                0x000000ae       0x3a ./source/semihost_hardfault.o
 .ARM.attributes
                0x000000e8       0x3a ./freertos/freertos-kernel/portable/MemMang/heap_4.o
 .ARM.attributes
                0x00000122       0x3a ./freertos/freertos-kernel/portable/GCC/ARM_CM33_NTZ/non_secure/port.o
 .ARM.attributes
                0x0000015c       0x3a ./freertos/freertos-kernel/portable/GCC/ARM_CM33_NTZ/non_secure/portasm.o
 .ARM.attributes
                0x00000196       0x3a ./freertos/freertos-kernel/list.o
 .ARM.attributes
                0x000001d0       0x3a ./freertos/freertos-kernel/queue.o
 .ARM.attributes
                0x0000020a       0x3a ./freertos/freertos-kernel/tasks.o
 .ARM.attributes
                0x00000244       0x3a ./freertos/freertos-kernel/timers.o
 .ARM.attributes
                0x0000027e       0x3a ./drivers/fsl_clock.o
 .ARM.attributes
                0x000002b8       0x3a ./drivers/fsl_flexcomm.o
 .ARM.attributes
                0x000002f2       0x3a ./drivers/fsl_gpio.o
 .ARM.attributes
                0x0000032c       0x3a ./drivers/fsl_power.o
 .ARM.attributes
                0x00000366       0x3a ./drivers/fsl_reset.o
 .ARM.attributes
                0x000003a0       0x3a ./device/system_LPC5528.o
 .ARM.attributes
                0x000003da       0x3a ./board/board.o
 .ARM.attributes
                0x00000414       0x3a ./board/clock_config.o
 .ARM.attributes
                0x0000044e       0x3a ./board/peripherals.o
 .ARM.attributes
                0x00000488       0x3a ./board/pin_mux.o
 .ARM.attributes
                0x000004c2       0x38 c:/nxp/mcuxpressoide_11.6.1_8255/ide/plugins/com.nxp.mcuxpresso.tools.win32_11.6.1.202207200623/tools/bin/../lib/gcc/arm-none-eabi/10.3.1/../../../../arm-none-eabi/lib/thumb/v8-m.main+fp/hard\libcr_nohost_nf.a(_cr__main.o)
 .ARM.attributes
                0x000004fa       0x38 c:/nxp/mcuxpressoide_11.6.1_8255/ide/plugins/com.nxp.mcuxpresso.tools.win32_11.6.1.202207200623/tools/bin/../lib/gcc/arm-none-eabi/10.3.1/../../../../arm-none-eabi/lib/thumb/v8-m.main+fp/hard\libcr_c.a(memcpy.o)
 .ARM.attributes
                0x00000532       0x38 c:/nxp/mcuxpressoide_11.6.1_8255/ide/plugins/com.nxp.mcuxpresso.tools.win32_11.6.1.202207200623/tools/bin/../lib/gcc/arm-none-eabi/10.3.1/../../../../arm-none-eabi/lib/thumb/v8-m.main+fp/hard\libcr_c.a(memset.o)
 .ARM.attributes
                0x0000056a       0x38 c:/nxp/mcuxpressoide_11.6.1_8255/ide/plugins/com.nxp.mcuxpresso.tools.win32_11.6.1.202207200623/tools/bin/../lib/gcc/arm-none-eabi/10.3.1/../../../../arm-none-eabi/lib/thumb/v8-m.main+fp/hard\libcr_c.a(alloc.o)
 .ARM.attributes
                0x000005a2       0x38 c:/nxp/mcuxpressoide_11.6.1_8255/ide/plugins/com.nxp.mcuxpresso.tools.win32_11.6.1.202207200623/tools/bin/../lib/gcc/arm-none-eabi/10.3.1/../../../../arm-none-eabi/lib/thumb/v8-m.main+fp/hard\libcr_c.a(errno.o)
 .ARM.attributes
                0x000005da       0x38 c:/nxp/mcuxpressoide_11.6.1_8255/ide/plugins/com.nxp.mcuxpresso.tools.win32_11.6.1.202207200623/tools/bin/../lib/gcc/arm-none-eabi/10.3.1/../../../../arm-none-eabi/lib/thumb/v8-m.main+fp/hard\libcr_c.a(initio.o)
 .ARM.attributes