../freertos/freertos-kernel/portable/GCC/ARM_CM33_NTZ/non_secure/port.c:555:32:vPortSetupTimerInterrupt	4	static
../freertos/freertos-kernel/portable/GCC/ARM_CM33_NTZ/non_secure/port.c:576:13:prvTaskExitError	16	static
../freertos/freertos-kernel/portable/GCC/ARM_CM33_NTZ/non_secure/port.c:718:6:vPortYield	4	static
../freertos/freertos-kernel/portable/GCC/ARM_CM33_NTZ/non_secure/port.c:730:6:vPortEnterCritical	8	static
../freertos/freertos-kernel/portable/GCC/ARM_CM33_NTZ/non_secure/port.c:742:6:vPortExitCritical	8	static
../freertos/freertos-kernel/portable/GCC/ARM_CM33_NTZ/non_secure/port.c:754:6:SysTick_Handler	16	static
../freertos/freertos-kernel/portable/GCC/ARM_CM33_NTZ/non_secure/port.c:771:6:vPortSVCHandler_C	24	static
../freertos/freertos-kernel/portable/GCC/ARM_CM33_NTZ/non_secure/port.c:897:19:pxPortInitialiseStack	24	static
../freertos/freertos-kernel/portable/GCC/ARM_CM33_NTZ/non_secure/port.c:1012:12:xPortStartScheduler	8	static
../freertos/freertos-kernel/portable/GCC/ARM_CM33_NTZ/non_secure/port.c:1049:6:vPortEndScheduler	8	static
../freertos/freertos-kernel/portable/GCC/ARM_CM33_NTZ/non_secure/port.c:1182:12:xPortIsInsideInterrupt	16	static
